empress
empress
empress
talks
walks
pre
similitude
l
anymore
brought
ultimate
pro
pro
project
undeveloped
do
salvation
sea
ambition
brace
scarcity
ye
ye
yet
overlooking
peacemaker
peacemaker
peacemaker
aint
aunt
bent
cant
cent
dent
dint
dont
gait
gang
gent
gift
gilt
gins
gnat
goat
gone
goot
gott
gout
grit
guna
guns
gust
hint
hunt
isnt
kant
lent
lint
mint
mont
pent
pint
rent
sant
sent
spat
spit
spot
sunt
tent
tint
vent
want
went
wont
wad
throng
du
du
duty
ado
ago
aha
ahi
ahs
coo
ego
flo
fro
leo
ohh
ohs
pro
rio
sad
sag
sal
sam
san
sap
sat
saw
say
sea
sed
see
set
sew
sex
she
shy
sin
sip
sir
sit
six
sky
sly
smy
sob
sod
sog
soh
sol
son
sow
spy
ste
sto
sum
sun
sup
swe
swf
the
tho
thy
too
two
uno
wha
whl
who
why
woo
zoo
but
wouldin
n
splinters
ix
susan
out
au
du
qu
te
th
to
tu
clad
clad
close
accessible
sausage
enter
treadmill
treadmill
treadmill
coll
doll
poll
roll
toll
see
goodnight
seacaptain
seacaptain
seacaptain
parading
s
paddlewheels
incognita
income
incoherent
intensified
you
splendidly
lurch
lurch
lurch
occur
power
incognita
racked
rocked
uncomfortable
neckribbon
t
t
the
small
smell
if
villainous
tormentoso
bakd
bald
band
bawd
card
cave
davy
eard
gaod
gave
haag
hags
haha
hail
hair
hale
half
hall
halo
halt
hams
hand
hang
hans
hard
hare
hark
harm
harp
hart
hash
hast
hata
hate
hath
hats
haul
have
hawk
haze
hazy
head
heed
held
herd
hind
hold
hood
hove
howd
java
laid
land
lard
lava
lave
livd
lovd
maid
movd
namd
navy
paid
pave
said
sand
save
wand
ward
wave
wavy
yard
r
r
round
aided
aimed
aired
bided
cited
dined
dived
elped
filed
fired
fixed
gaped
gyped
hired
hoped
liked
lined
lived
mixed
oiled
oozed
owned
piled
pipes
ripen
sided
sized
tiled
tired
viper
wiped
wised
wived
and
falls
folks
talks
walks
yards
middleaged
st
st
still
remaining
overflow
curiosity
fair
babby
beery
byeby
ireby
face
starchedup
appal
appal
appeared
accounts
ab
ab
about
whitechanged
h
jubilant
k
abbey
abyss
aches
acres
aides
andes
annes
aries
ashes
asked
askew
asses
axles
bakes
cakes
dukes
jokes
lakes
likes
makes
oakes
oboes
pikes
pokes
rakes
sakes
takes
wakes
yokes
s
boasting
coasting
toasting
th
score
scorn
shore
shorn
short
snare
snarl
snood
snore
snort
snows
snowy
sport
store
stork
storm
story
sword
swore
sworn
mo
mo
more
eitheruntil
paternal
enmity
entity
cudgelling
conceits
he
amy
any
arc
ard
are
ark
arm
art
bay
boy
buy
cry
day
dey
doy
dry
ere
err
fay
fly
fro
fry
gay
guy
hay
hey
icy
irs
ivy
jay
joy
key
lay
may
mrs
nay
opy
orb
orf
ork
pay
ply
pre
pro
pry
ray
say
shy
sky
sly
smy
spy
thy
toy
trs
try
urn
way
why
wry
zay
zip
zoo
daze
omnia
uniform
uniform
uniform
banks
ranks
walks
wanes
wants
winks
dis
handsome
olafs
calf
gaff
half
nail
namd
name
nane
nape
navy
waif
rather
outlaws
d
boutonderoses
suffer
bronzes
cronies
princes
pronged
th
assembled
baronabout
poperin
was
underwent
co
co
could
irradiate
license
lick
license
caps
cups
main
tight
could
newstelling
glitter
glitter
glittering
darling
darning
darting
dashing
air
barking
burying
carking
carving
darling
darning
darting
earning
farming
garding
harming
larking
marking
marring
parting
varying
warming
warning
warping
warring
the
solemnly
tiara
adam
beam
bram
clam
cram
czar
dram
foam
loam
maam
roam
seam
siam
swam
team
yeah
year
yesm
o
o
of
daggers
dangers
di
common
hyphenated
glittering
twittering
decorated
decorum
decorated
addition
o
o
of
coined
gained
joined
opened
opined
pained
rained
reined
ruined
sailed
seized
shines
signed
sinned
slided
smiled
soiled
spared
spiced
spices
spider
spiked
spikes
spiles
spilld
spinal
spines
spires
spited
suited
twined
hounds
hour
house
fireside
sign
represented
co
bowribs
pocket
guineas
enticed
dejected
detected
rejected
selected
perchance
whalea
whaled
whalee
whaler
whales
sh
foretaste
qu
qu
quite
pauses
extraordinary
goldbeaten
ominous
queequegall
cease
cell
certain
fast
fish
fist
fust
hist
list
mist
m
chest
crest
buzz
ahead
bread
dread
field
fiend
freak
freed
stead
tread
computed
computed
computer
cookhere
w
attempted
bermondsey
septemberwhen
euroclydon
europa
europe
desolation
road
rob
round
advanced
attaching
counting
occurred
alarmingly
compress
these
govern
wash
wept
wipe
wish
with
wide
gaudiest
could
leapest
beso
peaked
played
player
prayed
prayer
could
considerable
scorch
duels
dwell
c
blot
clot
fact
flat
flit
plot
sack
saco
salt
sant
seat
sech
sect
sent
shot
shut
sich
sick
sift
slab
slap
slav
slay
slep
slew
slid
slim
slip
slit
slop
slow
slum
smut
sock
soft
soit
soot
sort
spat
spit
spot
such
suck
suit
sunt
tact
squat
awaked
awaken
awakes
kraken
shaken
weaken
p
aint
airt
bier
died
dies
diet
dint
dirt
duet
feet
fist
fret
gift
gilt
hies
hilt
hint
hist
kant
keel
keen
keep
kept
kick
kids
kike
kill
kind
kine
king
kink
kiss
kite
kith
kits
knee
knew
knit
knot
lied
lief
lies
lieu
lift
lint
list
meet
mint
mist
pier
pies
pint
poet
reet
rift
riot
ript
sift
tied
ties
tilt
tint
view
weet
whet
wilt
flannel
defective
effective
prolonged
fragrance
retain
everlasting
schoen
schoen
school
earthquake
year
year
years
drill
droll
dryly
spiral
purposes
ireby
resentment
bounce
bound
bound
shootsto
de
leaned
poor
shouldnt
b
accordin
a
a
and
division
t
insertion
obstruct
vanity
halfblown
busily
extra
barn
cain
cape
caps
capt
damn
dawn
earn
fain
gain
gape
gaps
lain
lawn
layn
maam
mace
macy
made
madi
maid
mail
maim
main
make
male
mall
mana
mane
mans
manx
many
maps
mare
mark
marl
marm
mary
mask
mass
mast
mate
mats
maty
maul
mayi
mays
maze
mazy
mean
mein
meon
moan
moon
mops
morn
nape
pain
papa
pawn
rain
rape
rapt
sawn
taen
tape
tawn
vain
warn
yarn
yawn
wha
wha
when
seawater
me
peeped
seemed
shaped
sipped
slewed
sloped
soaped
supped
cheeks
aback
abaft
abase
abate
ahabs
alack
araby
sayin
sayin
saying
glidest
c
stimulant
id
determinednay
ever
lingering
simmering
sundering
tindering
tinkering
intriguing
intriguing
intriguing
abided
chimed
maimed
snorting
pledgedto
d
abyss
command
journals
stale
befallen
household
whatsoever
snow
bumming
gamming
humming
jamming
ramming
summing
could
meantime
resolve
majestically
s
ab
ad
ah
ak
al
am
an
as
at
au
ay
be
by
co
da
de
di
do
dr
du
ed
ef
eh
el
em
en
es
et
ex
fa
fo
gi
go
ha
he
hm
ho
id
ie
if
ii
im
in
io
is
it
iv
ix
jo
la
le
lo
ma
md
me
mi
mo
mr
ms
mt
my
nd
ne
no
ny
ob
of
oh
on
or
ot
ow
ox
pg
ph
pm
qu
rd
re
rs
sh
si
so
st
sw
te
th
to
tu
ud
um
un
up
us
ut
ve
vi
vo
we
wi
xi
xl
xv
xx
ye
inherited
immutably
r
r
round
direst
st
st
still
heading
healing
heaping
hearing
heaving
leaning
meaning
wad
elucidating
listen
petition
headpeddler
creation
instant
sailing
water
etymology
c
c
could
barges
cove
cove
covered
tribulation
terra
impotent
to
groans
curb
infixed
n
jackknives
flaskwas
flaskwas
flaskwas
dressingmaids
opportunely
bought
caught
flight
fought
fright
naught
nought
sought
taught
modified
nephew
nether
mundane
pirouettes
chiefmate
chiefmate
chiefmate
affected
effected
sperm
translation
tribulation
hard
hard
hard
indignantly
i
ruffled
miss
miss
miss
luckless
of
dame
damn
damp
dams
deal
deil
demd
demi
dial
doll
dome
dual
duel
dull
dumb
dump
html
hwal
di
bath
hath
lath
oath
path
wash
with
mis
bunks
hunks
junks
sinks
sulks
thames
thriving
wordbearercame
wordbearercame
wordbearercame
offwe
d
d
do
emerging
poor
sofaback
mi
mi
might
easy
katy
longforgotten
opserve
allied
date
dote
i
i
i
forth
direct
pinetree
celebrate
medium
g
impairs
cheadles
beneath
conquer
murmur
burgher
entirely
fear
nakedness
a
sneak
speak
steak
lordlight
chalking
stalking
b
b
but
also
beso
jago
jest
jesu
just
usso
jaw
prehensile
nighta
nighta
nighta
brows
crows
grows
prows
iron
intemperately
s
s
she
playbill
g
respiration
sit
sit
sitting
infirmity
jo
bubbles
infallible
procured
the
disapprove
playfellow
portrait
triumphant
granted
liabilities
drench
french
wrench
wraith
wry
write
sentrybox
opinion
arc
aye
bye
byr
doc
dye
etc
eye
inc
lye
tag
tan
tap
tar
tat
tax
tea
ted
ten
the
tho
thy
tie
tin
tip
tis
toe
toi
tom
ton
too
top
tot
tow
toy
trs
try
tub
tug
tun
tut
twa
two
txt
manage
manage
manage
syllable
a
hurdle
perils
puddle
pupils
purely
purify
purity
purple
pursue
puzzle
closd
bhaery
cheery
revery
ropery
ne
ne
never
organized
th
snowball
snowfall
snowhill
alternate
alternate
alternate
arsk
bask
book
cask
cock
cook
cork
cost
cosy
dank
dark
dash
deck
desk
dess
dick
disc
dish
disk
dock
dodo
doer
does
doff
doga
dogs
doif
doin
doll
dome
done
dong
dons
dont
dood
doom
door
doos
dora
dose
dost
dote
doth
dots
dove
down
doze
dozy
duck
dusk
dust
folk
fork
hook
hose
host
lock
look
lose
loss
lost
mask
mock
moss
most
musk
nook
nose
pork
pose
post
posy
risk
rock
rook
rose
ross
rosy
soak
sock
task
took
toss
tost
tusk
work
york
shield
savagely
first
freshen
fresher
freshet
freshly
amorous
cheapnice
change
dense
fence
hence
lente
maize
menot
merge
methe
mince
monte
seize
sence
sense
tense
venge
seducing
voiceup
h
attention
detection
bet
reigned
window
foes
folk
fork
s
brightening
frightening
sweet
buckle
fickle
keckle
mickle
pickle
tackle
tickle
keel
darts
parts
tarts
standhis
speakest
moustache
acquiesce
whistle
manofwar
menofwar
thinki
buoys
cards
colds
cooks
cords
crops
cross
crows
cuffs
curds
cures
curls
funds
goods
hoods
moods
ounds
roods
woods
bit
artful
fitful
pitful
useful
marvelled
imperceptibly
now
papers
passes
pauses
rapids
h
h
he
sobriety
c
hash
hish
hush
rap
emotions
not
created
dilated
pleated
sweated
treated
crumbling
remorseless
s
fifteenyearold
a
opportunities
wad
wad
was
goodhumor
cabingangway
warwhoop
collect
advancing
ho
spectrally
goldcoloured
arches
s
s
she
inconvenient
t
t
the
tail
tall
tape
tell
till
tips
toil
toll
tool
tops
type
vicar
vicar
vicar
flourishin
magnet
a
b
c
d
e
f
g
h
i
j
k
l
m
n
o
p
q
r
s
t
u
v
w
x
y
z
accomplish
accomplish
accomplished
downloading
privation
privation
privations
cuddled
fuddled
huddled
paddled
puddles
a
frost
nourished
aboon
afoot
ammon
apron
arion
p
moons
m
m
me
facilitieshe
whoe
circumstantial
wraith
wry
write
summerlike
wha
wha
when
silent
k
k
know
confidants
represent
airing
liberty
cheering
sheering
sneering
steering
bust
eldest
fadest
madest
modest
oddest
oldest
rudest
widest
so
so
so
baker
baser
bhaer
caper
eager
gayer
gazer
lager
later
layer
paced
paces
pages
paled
paler
panel
panes
paper
paved
paves
peter
poker
poser
power
rarer
safer
taker
taper
wafer
wager
water
rib
euclidean
ave
ave
avenue
clever
clover
bubble
bud
but
progress
hospitable
hospital
hospitable
villain
la
la
last
additional
of
private
b
excludes
includes
round
replaced
l
l
like
ftal
itas
scan
scar
seal
seam
seas
seat
shad
siam
slab
slap
slav
slay
snap
soak
soap
soar
sofa
span
spar
spat
stab
star
stay
stem
step
stig
stir
stop
swam
swan
swap
sway
iron
runagate
brace
sender
singer
me
bonn
denn
earn
ebon
even
finn
open
span
spin
spun
upon
mogul
infantry
genealogies
airi
biti
himi
midi
siri
viii
xiii
xlii
xvii
xxii
w
w
was
eagerly
miserly
queerly
symbol
infallible
smile
smile
smile
villains
willains
extreme
aided
aimed
aired
bided
cited
dined
dines
dived
filed
finer
fired
fixed
hired
honed
joked
jones
liked
lined
linei
linen
lines
lived
maned
minei
miner
mixed
oiled
owned
piled
pines
sided
sinew
sized
tiled
tired
tuned
vines
waned
wines
winey
wiped
wised
wived
zoned
dis
bull
curl
dual
duel
dull
foul
fuel
full
furl
gull
haul
hull
hurl
lull
mail
mall
marl
maul
meal
mill
moil
mouf
mour
mout
much
mugs
mule
musk
must
mute
null
paul
pull
quel
saul
soul
life
bluer
bower
cover
cower
dover
homer
hover
joker
lover
lower
mower
never
noder
noses
noted
noter
notes
nouna
novel
poker
poser
power
rover
sober
toder
tower
truer
companion
harpoon
ma
ma
man
freedom
friendslike
adown
along
among
azore
for
nobler
horrible
ahi
alb
ale
all
dad
dai
dam
dan
das
dat
day
del
den
des
dew
dey
did
die
dig
dim
din
dip
dis
doc
dod
dog
don
dos
doy
dry
due
dug
dun
dut
dye
ell
elm
flo
fly
hei
iii
ile
ill
iti
mei
noi
old
ole
oui
ply
psi
rle
roi
sly
toi
vii
wei
xii
xli
xlv
xvi
xxi
c
unless
lid
nobility
flabby
clears
molars
shears
spears
swears
still
henceforward
he
call
cool
gaol
indicate
crossly
poor
homily
peril
peril
period
aiding
hiding
riding
siding
invisible
bowed
bower
cover
cower
dover
eager
eider
elder
enter
ether
fewer
homer
hover
joker
lover
lower
mower
noder
noter
poker
poser
power
rover
rowed
sober
sowed
toder
towed
towel
tower
vowed
vowel
sunbeam
holly
hotly
b
gutenbergtms
administered
admit
admired
baa
bad
bag
bah
bar
bat
bay
cab
can
cap
car
cat
caw
dad
dai
dam
dan
das
dat
day
ead
ear
eat
fan
far
fat
fay
gad
gag
gam
gap
gas
gay
had
haf
hag
hah
hap
har
has
hat
hay
jam
jar
jaw
jay
lad
lag
lap
law
lay
mab
mad
man
map
mar
mat
mav
maw
may
mea
med
meg
mei
mem
men
mes
met
mid
mis
mit
mix
mme
mob
moh
mon
mop
mow
mrs
mss
mud
mug
mum
mus
mwe
nan
nap
nat
nay
oak
oar
pal
pan
pap
par
pat
paw
pay
rad
rag
ram
ran
rap
rat
raw
ray
sad
sag
sal
sam
san
sap
sat
saw
say
tag
tan
tap
tar
tat
tax
van
vat
wad
wag
wal
wan
war
was
wat
wax
way
yaw
zay
g
gilda
villa
wilds
zelda
a
aloud
blond
blood
closd
cloud
float
flock
floes
flood
floor
flora
flour
flown
flows
fluid
slowd
rib
evoked
quoted
and
soever
you
bump
bush
bust
busy
dump
dusk
dust
fuss
fust
gasp
gulp
gush
gust
hump
hush
jump
just
lisp
lump
lust
musk
must
ouse
oust
pump
push
puss
rash
reap
rest
rise
risk
romp
rose
ross
rosy
ruby
rude
rugs
ruin
ruld
rule
rung
runs
ruse
rush
rust
tush
tusk
wisp
jabbering
atapping
clapping
flapping
slapping
snapping
wrapping
kick
handful
w
beheld
place
donation
t
joosy
eyes
ain
alb
ale
all
ben
bon
bun
can
con
dan
den
din
don
dun
een
ein
ell
elm
fan
fin
flo
fly
fun
gin
gun
hen
hon
hun
ile
ill
inn
kin
man
men
mon
nan
nap
nat
nay
ned
net
new
nil
nip
noa
nod
noi
nom
non
nor
not
nov
now
nun
nut
old
ole
own
pan
pen
pin
ply
ran
rle
run
san
sin
sly
son
sun
tan
ten
tin
ton
tun
urn
van
von
wan
win
won
xli
xlv
yon
apprehension
apprehension
apprehension
abstracted
formal
formal
formal
precipice
infringement
lampsoften
dr
bowieknives
eider
deeds
feeds
freds
heeds
keels
keeps
kinds
knees
leeds
needs
seeds
sheds
weeds
manned
manned
manner
mystifying
but
weeping
ironbound
ironbound
ironbound
desperation
respiration
m
m
me
bask
cask
gash
gasp
mask
task
le
diametrically
for
aftthe
substance
bonjour
contour
fa
expedition
c
c
could
berth
like
scraping
wed
liar
pear
pier
from
early
entry
essay
fitly
hotly
d
deft
kept
left
read
ab
ad
ah
ak
al
am
an
as
at
au
ay
be
by
co
da
de
di
do
dr
du
ed
ef
eh
el
em
en
es
et
ex
fa
fo
gi
go
ha
he
hm
ho
id
ie
if
ii
im
in
io
is
it
iv
ix
jo
la
le
lo
ma
md
me
mi
mo
mr
ms
mt
my
nd
ne
no
ny
ob
of
oh
on
or
ot
ow
ox
pg
ph
pm
qu
rd
re
rs
sh
si
so
st
sw
te
th
to
tu
ud
um
un
up
us
ut
ve
vi
vo
we
wi
xi
xl
xv
xx
ye
i
i
i
mastered
mustered
do
di
gi
ii
mi
si
te
th
to
tu
vi
wi
xi
wriggling
manxmanthe
mea
mea
mean
discoverers
lo
lo
long
standard
usual
rhyme
shame
shyme
theme
whale
where
while
whine
white
whoee
whole
whore
whose
regard
regard
regarded
ah
ed
ef
eh
el
em
en
es
et
ex
oh
ph
sh
th
jet
jet
jet
noonmost
stuff
refused
sh
philistines
chaos
starlight
me
magicians
tahitians
a
salon
satin
savin
sayin
black
scupperholes
halfbantering
tame
team
term
them
time
tomb
toms
toom
trim
in
concussion
larboard
larboard
larboard
headsnamely
r
attendants
she
pastiles
choking
break
creak
dread
dream
freak
wreak
eyes
teutonic
indicate
wrong
machinery
reglar
one
yander
yonder
warrant
advising
exciting
inviting
quite
foretell
h
silent
woe
philosophy
deceit
jewelcases
miscreants
miscreants
miscreants
poison
prison
unison
war
friendless
time
connected
huge
presidency
sit
sit
sitting
disembowelled
rob
padlock
tiara
genteel
eyes
headache
placard
eggs
l
l
like
append
ascend
attend
extend
intend
banned
ragged
reared
regret
rigged
roared
rugged
reincarnate
presuming
the
pallor
parlor
pedlar
empty
blackbird
perhaps
rinaldo
view
conjointly
for
maltese
triumph
blunder
k
boathouse
farmhouse
detached
faculties
sw
sw
sweet
epicures
sabbath
begins
behind
belied
bemind
beyond
remind
revivd
u
u
up
alway
byway
healthily
sculptures
uphold
adduced
earth
address
pleasant
pleasant
pleasant
gabriel
could
dodge
godto
lodge
monte
route
youhe
youre
youth
youve
pocket
pod
poor
rhythm
linthwaite
deflowered
whitecrested
weddingcake
contact
heroines
g
oclock
raven
throwing
w
w
was
christendom
reach
read
read
freedom
pro
coffeeshop
de
dined
honed
lined
maned
owned
tuned
waned
zoned
zones
im
im
im
laterdr
each
humiliation
lid
indifferent
bubble
bud
but
polishes
kindlier
kindlier
kindlier
swearing
s
affghanistan
and
rebelled
repelled
revelled
fail
warningly
warringly
wastingly
w
garden
goaded
golden
gooden
gotten
govern
sodden
wooden
ordinary
yearning
teaparties
learn
rears
yearn
nosegay
nosegay
nosegay
wellearned
felt
deed
feed
heed
need
peek
peep
peer
seed
w
w
was
constable
notorious
clumsybladed
h
firmer
leg
overpowered
diligent
marquesas
bon
grain
stain
repaid
ourselves
de
awaitin
chamber
chamber
chamber
act
aft
ant
apt
art
ast
ave
bat
bet
bit
but
cat
cut
dat
dut
eat
eve
fat
fit
get
git
got
gut
hat
hit
hot
ist
ive
ivy
jet
jot
jut
kit
let
lit
lot
mab
mad
man
map
mar
mat
mav
maw
may
mea
med
meg
mei
mem
men
mes
met
mid
mis
mit
mix
mme
mob
moh
mon
mop
mow
mrs
mss
mud
mug
mum
mus
mwe
nat
net
not
nut
oft
ont
out
pat
pet
pit
pot
put
rat
rot
sat
set
sit
tat
tot
tut
txt
vat
wat
wet
wit
wot
xvi
yet
flattered
packing
padding
w
w
was
portrait
subtract
e
hailedahoy
admonish
admonish
admonished
four
hour
jour
mour
pour
sour
tour
your
obstacle
povelson
yojo
yon
you
thereavast
object
thocht
suicide
suicide
suicide
negative
sedative
peace
bustle
hustle
rustle
unchanged
wandering
wondering
simply
stretching
en
junior
discern
efforts
could
born
corn
horn
morn
torn
worn
fa
abed
aged
alee
alex
awed
bled
fled
roman
therell
thereof
thewell
thyself
coma
delightful
tabernacle
tag
take
fewer
leper
lever
lower
p
closed
g
gasp
sash
nor
manaye
poor
provocation
en
obedience
after
enchanting
slain
meeting
waiting
wanting
wasting
weeping
writing
his
unquiet
across
provided
foresail
forest
forests
checks
flocks
freaks
frocks
specks
wrecks
dinner
wwwgutenbergorglicense
useless
useless
useless
bite
cite
cote
cute
date
dote
fate
gate
gute
hate
kate
kite
lace
lake
lame
lane
late
lath
lave
lege
lets
life
like
lime
line
live
lone
lore
lose
lots
love
lure
mate
mite
mote
mute
note
pate
rate
rite
rote
site
tate
vote
was
thorny
extant
extra
extraordinary
enlist
la
ourswatery
co
bag
ead
ear
eat
egg
gag
hag
lag
rag
sag
tag
wag
la
la
last
gayety
hun
twitched
outward
sustains
west
typewriter
liabilities
lid
like
punctilious
to
to
to
brokenly
miasma
weathercocks
carrying
carrying
carrying
furniture
gi
hobomack
birch
crimson
himneither
himneither
himneither
basis
oasis
venge
agent
anent
arent
h
girlreader
h
term
put
sirsaid
identical
becket
bucket
d
airi
airs
airt
airy
bang
bara
barb
bare
bark
barn
bars
berg
bibs
bide
bids
bier
bill
bind
bird
bite
biti
bits
bore
born
brag
brig
bung
burn
burr
bury
ding
dire
dirt
fird
fire
firm
firs
girl
hire
king
mire
ring
sing
sire
siri
sirs
ting
tire
wing
wire
says
says
says
execution
pre
pre
pretty
able
ache
acre
ague
alee
amie
anak
ands
anew
anni
anno
anon
ants
anus
anyi
arch
face
inch
knee
lace
mace
mice
nice
once
pace
race
tice
vice
s
storage
slab
encounter
mapple
aiding
aiming
airing
rising
pocket
beds
bees
bess
dess
eels
fees
fess
gets
hems
hens
hers
jets
jews
keys
lees
legs
lens
less
lets
mans
maps
mass
mats
mays
meal
mean
meat
meek
mees
meet
megs
mehe
meif
meim
mein
melt
mena
mend
mene
mens
meon
mere
mess
mewd
mews
miss
mops
moss
mugs
neds
nets
news
peas
pens
pets
seas
sees
sets
tens
vers
webs
weds
yews
but
deviate
obviate
t
quaver
flabby
flo
flowers
apace
brace
chace
grace
juice
knave
peace
place
snake
snare
space
trace
co
co
could
arranged
deranged
breath
amy
any
arc
ard
are
ark
arm
art
bay
boy
buy
cry
day
dey
doy
dry
ere
err
fay
fly
fro
fry
gay
guy
hay
hey
icy
irs
ivy
jay
joy
key
lay
may
mrs
nay
opy
orb
orf
ork
pal
pan
pap
par
pat
paw
pay
pea
peg
pen
per
pet
pie
pig
pin
pip
pit
ply
pod
pop
pot
pou
pox
pre
pro
pry
psi
put
ray
say
shy
sky
sly
smy
spy
thy
toy
trs
try
urn
way
why
wry
zay
b
spoilt
she
cronies
in
ah
eh
oh
ph
sh
th
ve
vi
vo
edited
edited
editions
jeering
leering
peering
child
aught
bight
bigot
eight
fight
highi
light
might
nicht
night
ought
right
sighs
sight
tight
wight
rib
illlooking
prac
pre
project
abut
ague
aint
airt
anus
aqua
aunt
beat
beit
belt
bent
best
bout
cent
dbut
debt
deft
dent
deux
feat
feet
felt
feud
gent
gout
heat
hout
jest
kept
left
lent
lest
meat
meet
melt
mout
neat
nest
next
pelt
pent
pert
pest
pout
prut
reet
rent
rest
rout
seat
sect
sent
shut
smut
teat
tent
test
text
vent
vest
weet
went
wept
wert
west
zest
warehouse
ease
else
know
smell
smelt
whale
whale
whale
assaulted
hon
scarletstockinged
harboring
chiffon
advent
tap
tip
top
trs
try
cenotaphs
musket
f
childs
exiles
shines
smiles
spiles
tables
tailed
thames
themes
theres
thighs
things
thinks
thirds
threes
throes
titles
toiled
toilet
tribes
whales
whiles
whites
r
slovaks
mo
fluctuate
could
adams
seams
seems
stems
swims
climb
climb
climb
butter
cutter
gutter
mutter
putter
rejoice
arterial
delay
professorin
education
baize
maize
waize
i
i
i
spurn
mastications
inquisitive
unkind
hurriedly
remember
remember
remember
spectator
s
delightsome
twice
twig
twice
enticings
arc
blamed
flamed
harmed
hemmed
hummed
plumed
flutelike
drawingteacher
very
crested
inc
inc
including
ached
acted
added
agree
aided
aimed
aired
armed
asked
bowed
rowed
sawed
sewed
sowed
towed
vowed
yawed
worldwearied
bade
bide
buds
rude
very
dismissed
astonish
virtually
twostranded
martyr
famous
listening
revolting
kicked
english
draughts
coffeecolored
negligence
beneath
bonn
denn
finn
isnt
pain
pane
pang
pans
pawn
pens
pent
pind
pine
pink
pins
pint
plan
pond
pony
psoh
puns
usin
uson
waif
waif
wait
dense
sense
tense
venge
verse
resartus
rest
rest
wrestling
pabulum
pal
part
hinge
kings
liege
lingo
lingy
mince
range
ridge
rings
rinse
siege
since
sings
tense
tinas
tinge
tinny
tints
tithe
title
tongs
venge
wince
wings
car
generally
label
label
labor
prohibition
could
dis
his
lbs
les
lid
lie
lip
lit
mis
tis
cab
cowards
hazards
lizards
mozarts
towards
wizards
n
lasso
disencumber
disengaged
disengaged
amys
bays
bois
bows
boys
buys
cods
cows
days
does
dogs
dons
doos
dots
fays
foes
fogs
gods
goes
hogs
hows
jobs
joes
jogs
joys
keys
lays
logs
loss
lots
mays
mops
moss
nods
nows
pays
pods
pops
pots
rays
robs
rods
ross
rows
says
sobs
sois
sons
tags
tars
tens
this
thus
ties
tips
toad
toes
toga
toil
told
toll
tomb
toms
tone
tons
tooi
took
tool
toom
tops
tore
torn
toss
tost
tots
tour
town
tows
toys
tuas
tubs
tugs
tuns
twas
twos
vols
vous
vows
ways
whys
woes
sky
alps
buds
buys
caps
cubs
cups
cuts
dues
duns
fads
fans
fays
fees
fess
fibs
figs
fins
firs
fits
flos
foes
fogs
fuel
full
fume
fund
furl
furs
fury
fuss
fust
gaps
gums
guns
guts
hips
hues
hugs
huns
imps
lips
maps
mops
mugs
nuns
nuts
ours
outs
pips
pops
puns
puss
puts
rips
rugs
runs
sips
suds
sums
suns
sups
tips
tops
tuas
tubs
tugs
tuns
th
th
the
soapdish
standish
wad
wad
was
forgetting
pull
clutched
needles
bower
cower
lover
lower
mower
power
tower
liberty
everjuvenile
rib
butchers
resent
thrust
atom
comically
ballroom
bleeding
breeding
breezing
kneeling
sneering
sneezing
columbus
column
columbus
derelict
queequeg
properest
voluntary
visor
l
perspired
d
gladly
maintain
maintain
maintaining
barb
card
care
cars
cart
club
comb
cord
core
cork
corn
cort
crab
curb
cure
curl
garb
herb
kerb
verb
d
egg
peg
pig
fluctuate
posse
what
illustrations
great
ulloas
sleep
frequency
walworth
ague
anus
blue
clue
glue
knee
once
snub
snug
take
tale
tame
tape
tate
thee
thud
thus
tice
tide
tile
time
tire
tone
tore
tour
tree
true
tube
tune
tyke
type
tyre
b
b
but
tgallantsails
reception
comin
human
joian
logan
ooman
roman
wasan
wodin
woman
women
woven
baedeker
elbe
else
jabbering
whalelance
much
above
arose
bloke
boone
booze
brace
brake
brave
bribe
bride
brine
broad
broke
brood
brook
brool
broom
brown
brows
brute
clove
crave
drave
drive
drove
froze
glove
grave
grope
grove
krone
probe
prone
prose
prove
shove
stove
trope
wrote
garden
plaster
ghost
volcano
popayan
consignment
parti
dressed
could
shady
mote
level
revel
tekel
texel
fractiousness
fro
from
sympathizes
sure
humanity
diaboli
dial
diary
ahabshudder
assurance
assure
assured
heaving
g
g
go
piteous
occasion
fence
ounce
ambition
ambition
ambitious
impetuously
oblong
apothecary
la
quite
quito
quits
quote
suite
di
adopt
s
awe
bee
bye
mwe
owe
swe
wrastle
dante
fo
sciences
smeer
adroitly
could
conspired
o
o
of
chorus
distended
ringbolt
doubt
myyou
jo
aint
bind
bona
dine
ding
dint
find
fine
finn
fins
gins
guna
hima
hind
hint
hisa
kind
kine
king
kink
lima
line
link
lint
mana
mena
mina
mind
mine
mint
nane
nice
nick
nigh
nile
nill
nine
none
nono
nota
nowa
nuns
owna
pind
pine
pink
pins
pint
pipa
rind
ring
sing
sink
sins
tina
ting
tink
tint
tiny
vine
wind
wine
wing
wink
true
graceless
t
t
the
production
blow
blow
blow
engaged
st
unfinished
integral
intend
interest
decks
dicks
docks
ducks
darker
ahi
amy
dai
hei
iii
imp
iti
mei
mme
nan
nap
nat
nay
ned
net
new
nil
nip
noa
nod
noi
nom
non
nor
not
nov
now
nun
nut
ome
oui
psi
roi
smy
toi
umm
vii
wei
xii
xli
xvi
xxi
l
endeared
chirography
chirography
chirography
profession
desirable
doorhandles
s
s
she
bloom
gloom
flabby
flo
flowers
fairer
deathwatch
hellish
test
be
de
he
ie
le
ma
md
me
mi
mo
mr
ms
mt
my
ne
re
te
ve
we
ye
could
pegging
placing
planing
playing
wodin
disposition
damage
damage
damages
deeper
keeper
sum
knives
birch
neednt
multum
noun
oxen
shun
spun
taen
tawn
teen
than
then
thin
thud
thus
torn
tour
town
true
turn
twin
suiting
a
b
c
d
e
f
g
h
i
j
k
l
m
n
o
p
q
r
s
t
u
v
w
x
y
z
protest
closer
flower
hiccough
hid
his
guinea
me
warpath
tale
hellish
the
peculiarly
snob
snob
snow
satirical
sceptical
re
linnuss
drive
bow
caw
cow
dew
few
how
jaw
jew
law
low
maw
mow
new
now
paw
raw
row
saw
sew
sow
tow
umm
uno
ups
urn
use
utf
vow
yaw
yew
bembergs
cato
daze
face
fact
fade
fads
fail
fain
fair
fall
fame
fang
fans
fare
farm
fash
fast
fata
fate
fays
fogo
gaze
halo
haze
hazy
jago
jazz
lazy
maze
mazy
saco
depend
thumb
lid
complying
supplying
w
sunlight
lustre
lustre
lustre
bug
dug
hug
jug
lug
mug
rug
tug
road
commission
lucid
firing
spring
ne
ne
never
penandink
she
roundthe
dai
blew
clew
flew
slew
whew
ma
paints
points
prints
stilts
stints
trade
trade
trademark
annes
bones
canes
cones
danes
dines
hones
jones
lanes
lines
manes
panes
pines
races
rakes
ranks
rates
renew
rents
rides
rinds
rings
rises
rites
robes
romes
ropes
roses
rules
tones
tunes
vines
wanes
wines
zones
head
oilpainting
breast
beat
beef
been
beer
bees
beit
belt
bent
best
cent
debt
deed
deem
deep
deer
deft
dent
diet
duet
feat
feed
feel
fees
feet
felt
fret
gent
heat
heed
heel
jeer
jest
keel
keen
keep
kept
leer
lees
left
lent
lest
meat
meek
mees
meet
melt
neat
need
neer
nest
next
obed
ober
obey
oder
omen
omit
onei
ones
oped
open
oust
oven
over
owed
owen
owes
oxen
peek
peep
peer
pelt
pent
pert
pest
poet
reef
reel
reet
rent
rest
seat
sect
seed
seek
seem
seen
seer
sees
sent
teat
teen
tent
test
text
veer
vent
vest
week
ween
weep
weet
went
wept
wert
west
whet
zest
sh
arsk
bask
cask
desk
disk
dusk
mask
musk
risk
tack
talk
tank
tash
task
teak
test
tick
tink
tish
took
toss
tost
turk
tush
tusk
twas
twig
twin
twos
v
avenues
fa
fa
face
alee
flee
free
glee
knee
oxen
pace
page
pale
pane
pate
pave
peek
peep
peer
pier
pies
pike
pile
pine
pipe
poem
poet
poke
pole
pome
pope
pore
pose
prep
prey
pure
thee
tree
c
beguiled
heavy
diet
duet
fun
diaboli
reference
reference
reference
pretty
from
nausea
pin
pin
pink
and
ant
any
arc
doc
end
etc
ina
inc
ink
inn
one
ont
sad
sag
sal
sam
san
sap
sat
saw
say
sea
sed
see
set
sew
sex
she
shy
sin
sip
sir
sit
six
sky
sly
smy
sob
sod
sog
soh
sol
son
sow
spy
ste
sto
sum
sun
sup
swe
swf
uno
co
frightened
please
similarly
d
eloquence
r
among
being
berne
borne
borni
bring
burns
burnt
d
d
do
spinewise
m
realities
wafer
visit
pleasant
unhesitatingly
excel
mindful
inform
able
amie
bale
dale
file
gale
hale
half
hall
halo
halt
hare
hate
have
haze
hehe
held
hell
helm
help
here
hide
hill
hilt
hire
hold
hole
holp
holy
home
hone
hope
hose
hove
huge
hull
hyde
idle
isle
jule
male
mile
mole
mule
nile
omne
pale
pile
pole
rgle
rule
sale
sole
tale
tile
vale
vile
wile
yale
scan
supernal
m
gunwale
differ
shortwinded
part
dorcas
poor
spanishly
his
fabric
n
n
not
comfortable
g
bolder
colder
folder
folger
holder
holier
killer
roller
solder
splinter
snorting
rad
bermudas
bliss
family
w
acquiescence
band
elusive
kneedeep
shutting
freezing
unhook
unmoor
sol
sol
solemn
scrubbing
viola
viola
violent
feigned
flitted
reigned
nomine
buttercups
vocabilary
touters
prac
committing
all
spiked
veiled
voiced
voided
co
person
perch
absorbing
in
mansionwas
w
w
was
apronstring
usnever
usnever
usnever
victim
teabell
teabell
teabell
attained
detained
retained
w
w
was
bonn
denn
finn
lain
land
lane
lank
lawn
layn
lean
lend
lens
lent
line
link
lint
lion
loan
lone
long
loon
lung
lyin
sure
appalled
complacency
bidding
binding
filling
finding
folding
gadding
garding
gilding
gliding
guiding
gulping
hilding
holding
kidding
killing
milling
minding
tilting
welding
willing
winding
might
compress
wal
wal
wall
saidi
shipi
spice
spick
spicy
spied
spies
spike
spile
spill
spilt
spine
spins
spire
spite
spits
spoti
l
proved
illustration
loitered
mastered
mattered
mothered
mustered
muttered
tottered
ant
cette
flute
plate
slate
yethe
r
r
round
supplemental
c
c
could
fateful
hateful
w
consists
scan
marble
arethrough
worlds
and
againgunwale
d
finery
wintry
so
so
so
loathed
swathed
two
bothered
gathered
mattered
mothered
muttered
tethered
withered
libel
gentlemen
c
discolourd
which
which
which
keeping
obeying
opening
peeping
weeping
imponderable
grammatical
fash
roundyou
water
argumentativeness
monday
monday
monday
best
bust
cast
cost
dost
dust
east
fast
fist
fust
gust
hast
hist
host
itit
jest
just
last
lest
list
lost
lust
mast
mist
most
must
nest
oust
past
pest
post
rest
rust
test
tost
vast
vest
wast
west
zest
s
drama
gilda
grace
grail
grain
grand
grano
grant
grasp
grass
grave
grays
graze
heada
roada
trade
operation
highest
sea
tarnishing
mccarty
suggestion
smack
smy
small
attains
rabbins
remains
retains
strains
trace
trs
try
vitiated
arkite
cruisinggrounds
moaning
bolts
colts
poets
poles
ports
posts
potts
she
friendslike
near
near
near
secrets
hebelike
hebes
hebrew
reflect
c
babby
cubic
curly
hobby
ribby
r
aready
knowing
finger
fisher
befriend
befriend
befriend
uncompromised
himstand
himstand
himstand
enough
bumped
deathtube
baffled
designed
itsigned
resigned
incorrigible
incorrigible
incorrigible
carefully
co
co
could
deil
veil
well
slumbering
suave
observations
brief
bruises
squires
could
abel
feel
heel
keel
reel
l
rising
c
enabled
enacted
late
travelling
vacancies
van
van
seductive
startling
startling
startling
valparaiso
w
w
was
ball
bell
bill
bulb
bulk
bull
call
cell
coll
curl
dale
deal
deil
dial
doll
dual
duck
duel
dues
duet
duff
duke
dull
duly
dumb
dump
dung
duns
dusk
dust
duty
fall
fell
fill
fuel
full
furl
gall
gill
gulf
gull
gulp
hall
hell
hill
hull
hurl
itll
jell
jill
jule
july
kill
lull
mall
mill
mule
nell
nill
null
pall
pill
poll
pull
quel
roll
ruld
rule
sell
sill
sulk
tall
tell
till
toll
wall
well
will
yell
r
r
round
ambiguity
friend
replaced
energy
hazards
world
airhow
billow
pillow
willow
outbellying
amazd
like
turtledove
woful
funds
fundu
hendl
ounds
sands
sandy
sends
sunda
sunit
sunny
sunoh
sunor
sunup
asleep
betting
getting
jetting
letting
meeting
melting
petting
setting
sweet
noblest
bright
kindnesses
winding
after
alter
arter
baker
baser
caper
dated
dates
eager
eaten
enter
facea
faced
facei
faces
facet
faded
fades
fakir
famed
fared
fares
fatal
fated
fates
favor
fetor
fever
fewer
finer
fleer
freer
gates
gayer
gazer
hated
hatei
hates
kates
lager
later
layer
mated
mates
natur
noter
outer
paler
paper
peter
rarer
rates
safer
sated
taker
taper
utter
wafer
wager
water
fleet
hypodermic
p
bellow
billow
fellow
follow
hollow
mellow
pillow
sallow
tallow
wallow
willow
yellow
sat
authority
s
threatened
a
a
and
career
harems
moremr
sh
dilated
divided
dreaded
not
hieroglyphic
s
ate
bag
beg
big
bog
bug
dig
dog
dug
egg
etc
fog
fte
gag
gog
hag
hog
hug
ita
itd
iti
its
jig
jog
jug
keg
lag
leg
log
lug
meg
mug
peg
pig
rad
rag
ram
ran
rap
rat
raw
ray
red
rev
rex
rib
rid
rig
rim
rio
riz
rle
rob
rod
roe
roi
rom
rot
row
rub
rue
rug
rum
run
sag
sog
ste
sto
tag
tug
utf
wag
wig
for
subjected
suspected
low
ungentlemanly
coiffure
menfolk
norfolk
f
climbing
interrd
farreaching
n
n
not
england
w
meltsthe
sum
crimson
alls
exultinglybut
half
expected
word
screwdriver
outbellying
written
hamburg
meagre
volunteer
lovers
lowers
poters
re
re
read
boldly
coldly
solely
coma
act
aft
aha
ahi
ahs
ant
apt
art
ast
bat
bet
bit
but
cat
cut
dat
dut
eat
fat
fit
get
git
got
gut
hat
hit
hot
ist
jet
jot
jut
kit
let
lit
lot
mat
met
mit
nat
net
not
nut
oft
ohh
ohs
ont
out
pat
pet
pit
pot
put
rat
rot
sat
set
she
shy
sit
tat
the
tho
thy
tot
tut
txt
vat
wad
wag
wal
wan
war
was
wat
wax
way
web
wed
wee
wei
wet
wha
whl
who
why
wid
wig
win
wit
woe
won
woo
wot
wry
yet
tempt
agone
alice
alike
alive
alone
along
ample
apple
atone
plane
ste
ste
stern
thirty
mi
age
ale
and
ant
any
ape
are
ate
ave
awe
axe
aye
bee
bye
dad
dai
dam
dan
das
dat
day
del
den
des
dew
dey
did
die
dig
dim
din
dip
dis
doc
dod
dog
don
dos
doy
dry
due
dug
dun
dut
dye
end
ere
eve
eye
fee
fie
foe
fte
hie
hoe
hue
ice
ile
ina
inc
ink
inn
ise
ive
joe
lee
lie
lye
mme
mwe
ode
ole
ome
one
ont
ope
owe
pie
pre
que
rle
roe
rue
see
she
ste
swe
the
tie
toe
uno
use
wee
woe
lineknife
sloop
spool
stool
agonies
request
requiem
require
w
helmgripe
prove
redandwhite
distributing
magazine
for
bucks
bulks
bunks
busks
cuffs
ducks
gaffs
gifts
guess
gulfs
gulls
gusts
hunks
husks
junks
luffs
lurks
muffs
puffs
rufus
sulks
tucks
tufts
turks
tusks
lo
au
du
id
ie
if
ii
im
in
io
is
it
iv
ix
qu
tu
r
r
round
abating
betting
cutting
fitting
getting
hitting
jetting
jotting
jutting
letting
nutting
patting
petting
putting
setting
sitting
tatting
b
b
but
evasions
considerable
amy
any
asa
ash
ask
ass
ast
bay
boy
buy
cry
day
dey
doy
dry
esk
fay
fly
fry
gay
guy
hay
hey
icy
isa
ise
iss
ist
ivy
jay
joy
key
lay
may
mss
nay
opy
pay
ply
pry
psi
ray
sad
sag
sal
sam
san
sap
sat
saw
say
sea
sed
see
set
sew
sex
she
shy
sin
sip
sir
sit
six
sky
sly
smy
sob
sod
sog
soh
sol
son
sow
spy
ste
sto
sum
sun
sup
swe
swf
thy
toy
try
use
way
why
wry
zay
pat
snuffed
stuffed
c
arid
brig
brim
brit
crim
drip
emir
erie
eris
fair
grim
grin
grip
grit
hair
heir
lair
orin
pair
prig
prim
stir
trim
trio
trip
vail
vain
veer
veil
vein
viii
void
writ
relapse
rely
relieved
entangled
untangled
shriek
fainter
painter
m
batteries
dignify
encountered
equal
advance
angelic
sable
sails
scale
scars
scold
seals
sells
soils
souls
stals
twa
crosswise
clad
clad
close
alee
bide
bier
bite
cike
cite
died
dies
diet
dine
dire
dive
fide
fife
file
fine
fire
five
flee
free
give
glee
hide
hies
hire
kike
kine
kite
knee
lied
lief
lies
lieu
life
like
lime
line
live
mice
mile
mine
mire
mite
nice
nile
nine
pier
pies
pike
pile
pine
pipe
ride
ripe
rise
rite
safe
sage
sake
sale
same
sane
save
seed
seek
seem
seen
seer
sees
sere
shed
shem
shes
shoe
siam
sich
sick
side
sift
sigh
sign
silk
sill
sing
sink
sins
sips
sire
siri
sirs
site
sits
size
slep
slew
sohe
sole
some
sore
sped
stem
step
sued
sure
thee
tice
tide
tied
ties
tile
time
tire
tree
vice
vide
view
vile
vine
vive
wide
wife
wile
wine
wipe
wire
wise
med
med
medium
pulpits
uncle
chateau
mountain
mountain
mountains
sprained
strained
erased
ere
ere
visited
g
jetting
jotting
jutting
requin
nightahuntin
ineffable
foolhardiness
round
straightway
it
willing
like
embarrass
r
shared
shored
he
ironbound
sun
cheap
part
milky
clothcovered
clothcovered
clothcovered
fourwheeler
a
a
and
fathers
fishers
t
footpath
sunnytempered
scolding
of
tabernacles
v
delta
depth
diana
dictu
dirty
ditto
gifta
vista
s
s
she
afire
afore
hea
foreign
crustsaway
emblazoningthe
t
salutation
constrainings
constrainings
constrainings
sheepishly
con
con
concerning
fabers
water
frantic
grampus
grampus
grampus
bit
fit
git
hit
kit
lit
mit
pat
pet
pie
pig
pin
pip
pit
pot
put
sit
wit
cab
dodos
cheeriest
cheerily
cheering
myselfthat
he
level
navel
never
novel
revel
but
calmly
cherry
clergy
fairly
sairly
selfcollected
selfcommand
selfcontrol
harp
heap
help
hemp
holp
hoop
hump
skip
c
c
could
black
blanc
bland
blank
bleak
blend
blent
blind
blink
block
blond
blunt
flank
flink
plank
slink
slunk
marcies
immortality
but
otherspoor
p
grammar
v
editorial
offending
ad
ed
id
ie
if
ii
im
in
io
is
it
iv
ix
md
nd
rd
ud
wha
optically
niagara
barrow
borrow
furrow
harrow
marrow
morrow
narrow
sorrow
allembracing
allembracing
allembracing
hyphenation
early
curtsies
re
re
read
literally
apace
ape
appeared
unhappy
lubber
lug
lucy
opportunities
chance
sex
six
ste
sto
compulsion
computed
computer
infold
unfold
raved
largeat
sails
sails
sails
co
do
fo
gi
go
ho
io
jo
lo
mo
no
so
to
vo
payment
deuteronomywhy
space
spy
sperm
embarked
ahab
overwhelmed
full
brainmockery
p
gently
lastly
lonely
up
easily
family
lazily
sagely
vainly
vanity
vastly
verily
r
r
round
perfect
purfect
procopius
procopius
procopius
paragraph
attempt
subway
funeral
afar
ajar
avar
bear
csar
czar
dbut
dead
deaf
deal
dear
deau
deer
dial
diaz
doer
door
drab
drag
dram
drat
draw
dray
dual
eber
fear
gear
hear
hoar
liar
near
ober
pear
rear
roar
scar
soar
spar
star
tear
wear
year
jes
berne
boone
borne
brine
i
wisest
so
sere
sire
sore
sure
trace
trs
try
inches
b
b
but
opinions
cried
speculative
i
lament
co
manageable
struck
indissoluble
come
revivified
dribbles
sleighride
n
n
not
despond
respond
the
friend
boobies
book
book
expediency
prepard
gaping
gazing
giving
goring
jo
terrors
adorable
adore
adorned
excitingly
taxicabs
reminded
vi
sayye
scale
scape
scare
shade
shake
shame
shape
share
shave
slate
slave
slays
snake
snare
space
spade
spake
spare
stage
stake
stale
stare
state
stave
stayd
stays
suave
swaya
sways
lantern
montenegrin
homesick
homesick
homesick
vaporthis
f
abyss
off
off
off
bodes
bones
bores
boxes
capes
codes
comes
cones
coves
domes
dotes
doves
gapes
gores
holes
homes
hones
hoped
hopes
jokes
jones
joves
lobes
loses
loves
modes
moles
mopes
mores
moses
motes
moves
noses
notes
pipes
pokes
poles
robes
romes
ropes
roses
soles
takes
tales
taper
tares
taxes
tides
tiles
times
tires
toads
toder
tohes
toils
token
tombs
tones
tongs
tools
topic
topsl
towed
towel
tower
towns
trees
tries
tunes
types
wooes
yokes
zones
portray
title
decapitating
repelling
chap
snoring
see
see
see
blood
brood
be
be
be
languish
squall
toms
n
darki
e
e
eyes
stared
stored
i
flashes
march
dripping
dropping
belong
fungi
funny
shoal
shoe
should
extended
steady
bell
call
cell
coll
fell
hell
jell
nell
sell
tell
well
yell
promptly
inciting
how
legal
hei
backs
bucks
bulks
bulky
bunks
burke
busks
ducks
lucky
suckd
tucks
murray
experience
face
seek
self
sell
silk
sulk
ma
clearing
againgunwale
angular
impossible
longisland
c
doughnuts
wrangling
wrangling
wrangling
thingshowever
be
be
be
conjointly
amain
sprains
trs
gruff
al
al
all
maythere
saythere
waythere
gent
diary
mi
faces
idles
isles
laces
paces
races
vices
second
allowing
comma
comma
common
studious
road
rob
round
beaded
beaked
beamed
more
whistled
again
again
again
bowed
ad
ad
added
wholesale
near
circumnavigation
elect
elect
electronic
didnt
giant
hasnt
tisnt
visit
warnt
wasnt
wight
wioot
wised
wiser
seasofa
season
season
enjoyed
cutwater
cutwater
cutwater
dinneri
feegee
sunburnt
enemy
stable
reposing
although
big
vital
dictionary
sleepy
king
amazement
amusement
stair
speedy
ostensible
ostrich
ostentatiously
turtledove
w
swings
expected
kept
seat
sect
sent
wept
jes
jes
jest
takenhere
n
token
tongs
tough
comfort
able
amie
erie
ibid
ibis
isie
safe
sage
said
sail
sake
sale
same
sane
save
sere
shin
ship
shoe
side
sire
site
size
skim
skin
skip
slid
slim
slip
slit
snip
sohe
soil
sois
soit
sole
some
sore
spin
spit
stig
stir
suit
sure
swim
comfort
bubblingly
mule
handsome
wantsome
r
article
jo
squawk
excavated
affords
efforts
informs
the
typographical
ex
ex
except
fashion
i
i
i
pilgrim
ex
fro
pro
c
exegetists
dissect
treatment
chocolate
noticeboard
ferocious
corporeal
p
effeminate
skim
refinement
astonish
halfaverted
space
phone
shone
h
cushions
accustomed
sincerity
a
a
and
whas
what
when
whet
whew
whim
whip
whit
whod
whoe
whom
whos
whys
black
cage
edge
gale
game
gape
gate
gave
gaze
give
glee
glue
gone
gore
gute
huge
lege
page
rage
sage
vyge
avail
avar
available
enlightened
m
hoard
bar
mesince
i
reminded
creaking
business
she
adjusted
weak
weak
weak
universale
piled
engaging
g
g
go
lusty
c
alb
and
ant
any
precision
nightguiding
im
im
im
duration
collapse
collar
collar
elsewhere
she
nothin
within
intercede
intercede
intercepted
anyway
euthanasia
intolerably
boa
powerless
end
ahem
chap
chat
chew
chin
chip
chop
clew
crew
lieu
shed
shem
shes
thee
them
then
they
thou
when
whet
whew
sprout
dwells
shells
skulls
smells
snells
spells
swells
costliest
costliest
costliest
ethel
other
owned
owner
so
whalesnow
whet
secrecy
unlimbed
unlimbed
unlimited
subsiding
b
deari
dears
deary
diary
drank
shark
spark
stark
breath
abel
adam
adds
adoa
afar
ahab
ajar
alas
anak
avar
away
coal
deal
dial
dual
foal
ftal
goal
heal
hval
hwal
idol
leal
meal
opal
oval
peal
raal
real
seal
veal
vial
weal
zeal
pleaded
wading
c
creatures
a
cranial
midday
owning
pestiferously
ark
ork
accent
ball
bell
bill
bull
call
cell
coll
doll
dull
emil
fall
fell
fill
full
gall
gill
gull
hall
hell
hill
hull
itll
jell
jill
kill
lull
mall
mill
nell
nill
null
pail
pale
pall
palm
paly
paul
peal
pelt
pile
pill
pole
poll
polo
pool
pull
roll
sell
sill
tall
tell
till
toll
wall
well
will
yell
do
headpeddling
project
insulting
sabbath
anticipation
ab
bottled
bottles
inhospitable
dedication
reclaim
break
creak
freak
wreak
depart
perceptible
pedlar
counterpoise
spinewise
criminal
raal
rad
rather
heavens
heavers
weavers
v
wilson
biography
thirteen
poor
lovingjealous
grab
detach
touch
asked
baked
joked
liked
naked
poked
raked
waked
yawed
yoked
yokes
can
outlives
r
r
round
ravings
savings
wavings
battle
batteringram
c
c
could
bathe
ladle
lance
lapse
large
lethe
lithe
wayhe
h
h
he
twinkled
wrinkled
necessitated
danes
do
england
zealand
twa
twa
two
add
ado
ads
aid
and
ard
aud
bad
bed
bid
bud
cod
dad
did
dod
ead
end
fed
gad
god
had
hed
hid
hod
itd
kid
lad
led
lid
mad
med
mid
mud
ned
nod
odd
ode
old
pod
rad
red
rid
rod
sad
sed
sod
ted
wad
wed
wid
yaw
yea
yed
yer
yes
yet
yew
yon
you
yus
adhesiveness
attached
bleached
preached
aspird
communicating
different
onceherenowthis
husband
break
creak
freak
wreak
moffat
moffat
moffat
chests
crests
guests
w
sycamore
infidel
sayen
sayin
let
fortnight
strange
flatfaced
versailles
affections
lovethough
scare
score
share
shore
snare
snore
spare
spire
stare
store
swore
dress
spurs
a
a
and
gentler
coalcellar
coalcellar
coalcellar
chewed
ne
ne
never
badinage
e
citys
ma
phraseto
chace
distrusting
shun
complains
for
automobile
pipe
flabby
shabby
allow
drums
films
flues
flume
forms
plums
might
No words found
h
h
he
een
egg
ego
ein
ex
ex
except
choose
drowse
trans
alarmingly
m
m
me
gabble
gamble
marble
warble
appeal
appeal
appeared
fright
like
safer
sober
b
horses
sightlowering
sulphurous
do
therefore
wherefore
obligation
oblige
obliged
barges
larger
cavity
tableaux
mixture
enchanters
tugging
stalk
bon
gleams
fierce
cage
cake
came
camp
cane
cape
care
case
cave
come
dame
fame
game
lame
name
same
tame
skainsmatesand
asleep
clad
clad
claim
especially
violet
voyage
d
d
do
visions
contend
contend
content
causing
kissing
lapsing
passing
pausing
raising
do
personaleven
r
r
round
knocked
forest
updated
staid
staid
stairs
binnaclewatch
glacial
parsley
road
republic
undashed
undo
under
images
orgies
impatience
neither
cowboy
secrets
s
s
she
entrance
sea
anywheres
f
f
for
henceforward
arabian
arc
are
lengthrope
s
frigates
fair
amusing
arising
cousins
captainnoble
captainnoble
captainnoble
solitary
j
figure
apprise
pauselessly
and
horsechestnut
lovedflowers
agone
prac
complexioned
sad
busts
gusts
never
recalled
teen
mandarin
b
b
but
smuggled
snuggled
stumbled
grab
buttons
guttons
digress
egypt
wha
wha
when
gallant
radiant
valiant
r
r
round
shriek
employed
undiscovered
kitetails
kitetails
kitetails
timeis
suns
suns
sunset
heartstave
overshoes
perplexity
reason
bakes
barbs
cakes
jambs
lakes
lambs
makes
oakes
rakes
sakes
takes
wafts
wages
wails
waits
waked
waken
wakes
wales
walks
walls
wanes
wants
wards
warns
wasps
watts
waves
waxes
r
cookwheres
was
two
h
h
he
chair
choir
b
b
but
eyesore
fear
fed
felt
pleasureloving
s
s
she
upliftings
b
knowst
seemst
slewst
snowsa
consensus
consent
consent
canvas
this
planned
yearsthe
clutch
go
calamity
capacity
poor
barely
and
markest
y
valour
vapour
quiver
bull
dull
full
gull
hull
lull
null
pull
roll
ruld
rule
sunda
dodging
judging
lodging
nudging
wagging
wedding
wedging
poor
archangelic
do
parr
purr
corn
corn
corner
ideaquite
chapter
relative
sedative
a
burial
re
manhoods
invisible
remains
crab
generally
vulgar
carnivorous
unsay
concludes
sw
expectantly
should
thee
co
co
could
cask
cike
cite
city
cock
cook
cork
dick
disk
hick
kick
kink
lick
link
milk
nick
pick
pink
risk
sick
silk
sink
tick
tink
wick
wink
she
she
she
goldturning
necessaries
aof
boa
bob
bog
bon
bow
box
boy
cod
con
coo
cow
coz
doc
dod
dog
don
dos
doy
fan
far
fat
fay
fed
fee
few
fez
fib
fie
fin
fit
fix
flo
fly
foe
fog
for
fox
fro
fry
fte
fun
fur
goa
god
gog
gor
got
hob
hod
hoe
hog
hon
hop
hot
how
job
joe
jog
jos
jot
joy
loa
log
lor
lot
low
mob
moh
mon
mop
mow
noa
nod
noi
nom
non
nor
not
nov
now
ook
pod
pop
pot
pou
pox
rob
rod
roe
roi
rom
rot
row
sob
sod
sog
soh
sol
son
sow
toe
toi
tom
ton
too
top
tot
tow
toy
von
vow
woe
won
woo
wot
yon
you
zoo
woe
consisting
s
opine
spile
spill
spilt
wi
cupidity
deathglimmer
chapters
good
good
good
brutes
causes
cranes
crates
craves
crazed
crimes
crises
crumbs
grazes
prizes
prunes
g
g
go
client
comest
cuttst
hugest
priest
purest
rudest
surest
flo
azure
youhe
youre
yours
youve
public
age
aid
aim
ain
air
ale
ape
are
ate
ave
awe
axe
aye
bee
bib
bid
big
bit
bye
dad
dai
dam
dan
das
dat
day
del
den
des
dew
dey
did
die
dig
dim
din
dip
dis
doc
dod
dog
don
dos
doy
dry
due
dug
dun
dut
dye
ein
ere
eve
eye
fee
fib
fie
fin
fit
fix
foe
fte
gif
gin
git
hid
hie
him
hip
his
hit
hoe
hue
ice
iii
ile
ise
ive
jib
jig
joe
kid
kin
kit
lee
lid
lie
lip
lit
lye
mid
mis
mit
mix
mme
mwe
nil
nip
ode
oil
ole
ome
one
ope
owe
pie
pig
pin
pip
pit
pre
que
rib
rid
rig
rim
rio
riz
rle
roe
rue
see
she
sin
sip
sir
sit
six
ste
swe
the
tie
tin
tip
tis
toe
use
via
vif
vii
wee
wid
wig
win
wit
woe
xii
xiv
xix
zip
stomachache
stomachache
stomachache
touches
aboard
abode
about
quality
suavity
declaration
womanhood
know
hardware
heitdare
du
du
duty
invalids
discolour
damsels
needing
carving
craving
curving
wha
benevolence
educating
thisi
sto
dandified
but
being
bring
cling
doing
dying
ewing
eying
fling
going
lying
owing
reins
sling
sting
swing
thing
tying
using
veins
wring
waybill
waybill
waybill
countries
unconscious
unconsumed
unconscious
courteously
academy
ach
across
skrimmage
but
darkling
f
countered
persuade
persuade
persuasive
bandbox
impossible
pagan
company
precipitancy
monster
alert
ma
ma
man
forefinger
knob
perisheth
i
pitiless
go
viewing
could
wordeasy
affair
adjacent
a
awhile
grab
symbolizings
wrapped
bell
cell
fell
hell
jell
nell
sell
tell
well
yell
zeal
uncatastrophied
blows
flows
glows
billion
pitying
bogles
bogles
bogles
legitimately
co
co
could
paintless
promontories
hotel
demeanor
sunrise
h
h
he
crew
crow
rib
striking
stroking
e
unclad
fierce
cast
daft
dart
dash
dost
dust
east
fast
hast
last
mast
past
vast
wast
baa
disinterred
prominence
prominent
prominently
imbecile
wad
servingcreatures
guide
india
formal
basilosaurus
thrill
query
daubed
daubed
daubed
thingthough
laugh
depressions
libel
story
advancd
advent
advice
frenchy
part
ansomei
cove
cove
covered
gloom
groom
h
bath
hath
lath
oath
pate
path
so
so
so
perseverance
boardingweapon
boardingweapon
boardingweapon
interested
devoid
devoid
devoted
creative
co
bomb
comb
slab
snob
snub
soak
soap
soar
sobs
sock
sofa
soft
sohe
soho
soil
sois
soit
sold
sole
solo
some
song
sons
soon
soot
sore
sort
soul
soup
sour
sown
stab
tomb
womb
yojo
jam
dismemberer
t
bait
cant
capt
cart
cast
daft
dart
east
face
fact
fade
fads
fail
fain
fair
fall
fame
fang
fans
fare
farm
fash
fast
fata
fate
fays
feat
feet
felt
fist
flat
flit
foot
fort
fret
fust
gait
halt
hart
hast
kant
last
mast
next
part
past
raft
rapt
salt
sant
tact
tart
taxi
text
vast
wait
want
wast
waxy
minute
beat
beit
belt
bent
best
beth
cent
ceti
debt
deft
dent
feat
feet
felt
gent
gets
gott
heat
jest
jets
kept
left
lent
lest
lets
meat
meet
melt
neat
nest
nets
next
pelt
pent
pert
pest
pets
reet
rent
rest
seat
sect
sent
seth
sets
teat
tent
test
text
vent
vest
weet
went
wept
wert
west
yeah
year
yehe
yell
yere
yesi
yesm
yeve
yews
zest
english
intuitions
of
puritanical
cartload
cartload
cartload
tuesday
s
ironbound
inconsiderable
john
vapor
vapor
vapor
damask
unmask
great
tomorrow
horizon
longing
ranging
ringing
d
d
do
nigers
tigers
ver
promoting
tortoise
torture
torture
crawled
drawled
trailed
slipped
escape
paper
treatment
promise
dearest
decrees
degrees
digress
heiress
redress
repress
b
b
but
flybox
d
seethe
thethe
ne
gossiping
unearthed
battles
candles
castles
catches
seacaptain
honesty
ex
thiefcatcher
cologne
blowing
flowing
glowing
shall
forcibly
for
receipted
wha
cutlet
displaying
assurance
and
immeasurable
smack
laziness
maziness
t
corpses
etiquette
high
hugh
t
zephyr
scabbards
albrucksburger
relapse
threshold
s
implored
brilliant
associates
corse
poison
prison
lo
lo
long
blade
evade
faade
knave
shade
snake
snare
spade
trade
currant
experienced
seeposted
allthe
blithe
clothe
sawthe
scathe
scythe
seethe
slight
soothe
a
a
and
bareheaded
s
noises
skipped
weeks
trs
eying
book
undiminished
wellbred
refreshing
image
glittering
circumference
subsequent
ex
ex
except
genera
latera
offera
peters
rub
add
aid
and
ard
aud
ave
baa
bad
bag
bah
bar
bat
bay
bea
bed
bee
beg
ben
bet
bib
bid
big
bit
boa
bob
bog
bon
bow
box
boy
bud
bug
bum
bun
bus
but
buy
bye
byr
cod
dad
did
dod
ead
end
eve
fed
gad
god
had
hed
hid
hod
itd
ive
ivy
kid
lad
led
lid
mad
med
mid
mud
ned
nod
odd
old
pod
rad
red
rid
rod
sad
sed
sod
ted
wad
wed
wid
xvi
yed
crawling
crawling
crawling
chinks
chintz
clings
coasts
coined
comets
counts
county
courts
coutts
crants
doings
feints
flints
glints
goings
joints
joists
mounts
paints
points
prints
saints
stints
aromaliterally
aromas
aromatic
shoes
look
look
look
fiddlesticks
top
top
top
age
ale
ape
are
ate
ave
awe
axe
aye
baa
bad
bag
bah
bar
bat
bay
bee
bye
cab
can
cap
car
cat
caw
dad
dai
dam
dan
das
dat
day
die
due
dye
ead
ear
eat
ere
eve
eye
fan
far
fat
fay
fee
fie
foe
fte
gad
gag
gam
gap
gas
gay
had
haf
hag
hah
hap
har
has
hat
hay
hie
hoe
hue
ice
ile
ise
ive
jam
jar
jaw
jay
joe
lad
lag
lap
law
lay
lee
lie
lye
mab
mad
man
map
mar
mat
mav
maw
may
mme
mwe
nan
nap
nat
nay
ned
net
new
nil
nip
noa
nod
noi
nom
non
nor
not
nov
now
nun
nut
oak
oar
ode
ole
ome
one
ope
owe
pal
pan
pap
par
pat
paw
pay
pie
pre
que
rad
rag
ram
ran
rap
rat
raw
ray
rle
roe
rue
sad
sag
sal
sam
san
sap
sat
saw
say
see
she
ste
swe
tag
tan
tap
tar
tat
tax
the
tie
toe
use
van
vat
wad
wag
wal
wan
war
was
wat
wax
way
wee
woe
yaw
zay
pabulum
pal
part
older
order
pabulum
dennickers
extinguish
axe
fee
fie
foe
fte
advancd
advent
advice
overwrapped
nail
enjoyd
splinter
deskhed
f
receptionroom
i
bally
belly
bully
dolly
folly
fully
holly
jelly
jolly
lowly
lulls
polly
rally
sally
silly
tally
implore
implore
implored
including
s
farrago
fed
sighing
v
v
very
working
worming
bravadoes
white
quite
university
injunctions
collectedness
hair
facing
rubbed
nerve
serve
pepper
baking
baling
bating
baying
caking
making
taking
waking
chapter
at
et
it
mt
ot
pg
ph
pm
st
ut
cried
indulge
c
panful
clew
luxury
sultry
raal
poohpoohed
he
bowed
rowed
sawed
sewed
sowed
towed
vowed
waded
waked
waned
waved
waxed
wiped
wised
wived
yawed
tatterd
julyvisited
inclement
incline
including
panoramas
fright
pottsfich
tell
goodnight
problematical
frowned
fear
fed
felt
bedded
fender
kedger
ladder
leader
ledger
reader
redden
redder
redeem
redmen
render
ridden
rudder
sadder
sender
tender
wedded
wedder
hose
illuminate
perfectly
restrain
fettered
fettle
fettered
remembering
n
handa
c
c
could
unworthy
a
a
and
better
gettee
jetted
latter
lenten
lester
letter
litter
netted
petted
settee
wetted
wetter
brought
ached
acted
added
aided
aimed
aired
armed
ashen
ashes
asked
askew
askif
askto
asses
baked
joked
liked
naked
poked
raked
waked
yoked
ho
ho
how
sandwiches
s
fegee
fejee
fetch
fever
fewer
of
bellow
billow
byelow
pillow
willow
le
eyelashes
window
depresses
expresses
impresses
oppresses
t
frequent
liability
reproachfully
villain
uncertainhe
flask
ignoble
discovered
bending
lending
mending
reading
rending
renting
sending
tending
w
braw
claw
draw
flaw
gnaw
weak
weal
wean
wear
whas
what
whew
wrap
fail
flow
pentecost
thistle
whistle
sea
sea
see
stratagems
montenegro
illustration
rascal
astonishment
sabbath
sad
said
federal
funeral
general
several
sulphur
fieldglasses
gutenbergtm
drabcoloured
becalmed
became
because
rousseau
dan
spade
spoke
spose
chap
silvery
settee
boxed
could
typhoon
arrival
airing
firing
shrine
shrink
siding
spring
string
she
band
fang
fans
find
fond
fund
hand
land
sand
wand
northwest
northwest
northwest
start
academy
intelligent
mizenmasthead
barepoled
e
choking
looking
brace
brag
brought
attempt
trance
trans
trance
client
tu
boy
doy
joy
thy
toe
toi
tom
ton
too
top
tot
tow
toy
try
woe
ropewalks
crowsnest
dolly
folly
godly
holly
hotly
jolly
lofty
lotty
lovey
lowly
nobly
polly
sand
aready
breast
creagh
creaky
creamy
create
dreamy
dreary
grease
treaty
uneasy
lust
cavalier
act
tasselled
e
alex
amen
apex
capabilities
oftwo
length
bespeak
woracious
word
work
aspect
assent
assert
auger
auger
august
worship
poor
alow
blot
blow
clog
clot
cool
flog
flos
flow
fool
gaol
glow
idol
plot
pool
sail
saul
seal
sell
shoe
shop
shot
show
sill
slab
slap
slav
slay
slep
slew
slid
slim
slip
slit
slop
slow
slum
snob
snod
snog
snow
soil
soon
soot
soul
spot
stop
tool
wool
act
demanded
unmanned
tu
semisciences
t
t
the
shadeowing
comfort
add
aid
and
ant
any
ard
aud
bad
bed
bid
bud
cod
dad
did
dod
ead
end
fed
gad
god
had
hed
hid
hod
ina
inc
ink
inn
itd
kid
lad
led
lid
mad
med
mid
mud
nan
nap
nat
nay
ned
net
new
nil
nip
noa
nod
noi
nom
non
nor
not
nov
now
nun
nut
odd
old
one
ont
pod
rad
red
rid
rod
sad
sed
sod
ted
uno
wad
wed
wid
yed
ruld
blubber
resist
delta
zelda
take
valleys
proof
halldoor
f
f
for
lifebuoycoffin
wha
life
like
lime
line
live
crpedechine
shakespeares
ab
ab
about
australia
read
probable
l
andoh
ardor
endow
tudor
under
a
balls
bells
bills
bulls
calls
cells
dolls
falls
galls
gills
gulls
halls
hells
hills
hulls
kills
lulls
mails
males
meals
miles
mills
moles
pills
pulls
rills
rolls
sells
tells
walls
wells
wills
yells
whimpered
hailing
hauling
door
aisles
tables
tastes
thames
themes
theres
threes
throes
titles
tosses
whales
whiles
wall
burke
g
raal
rads
rail
real
reel
ride
rode
rods
roll
rude
flo
flo
flowers
torture
ne
chambermaids
pernicious
expanse
fish
angelo
preserve
fireplaces
right
yielding
ach
coils
coins
doins
hails
hairs
hoars
hoist
holds
holes
homes
hones
hoods
hoofs
hooks
hoops
hopes
horns
hosts
hours
howls
joins
loins
roofs
soils
toils
voids
wolfs
revealed
bellies
bullies
follies
gallied
gullies
jellies
jollies
rallies
sallies
tallies
t
t
the
mixup
otherwise
otherwise
otherwise
jubilee
tot
ober
oder
over
bistritz
bears
board
boats
coals
coats
dears
doors
fears
gears
goals
goats
hears
hoard
hoars
hoary
hours
liars
loads
moans
moors
noahs
pours
quare
quart
rears
roads
roard
scars
soaps
soars
spars
stars
tears
toads
wears
years
yours
slab
sly
sleep
massive
passive
oceanperishingstraight
oceanperishingstraight
oceanperishingstraight
ahem
ahoy
atom
boom
chop
doom
from
ihow
lion
loam
look
loom
loon
loop
room
shem
shoe
shop
shot
show
them
thor
thou
toom
whim
whod
whoe
whom
whos
pen
thoust
o
o
of
additional
seam
cheap
cheat
check
cheek
cheer
chefs
chere
chess
chest
chick
chide
chink
chock
chuck
chunk
clerk
creak
sheds
sheik
lo
indifference
except
indulged
western
wicked
brig
carvingknives
believe
thewell
overhanging
overhaul
overhead
harmed
warmed
stretch
stretch
stretched
labelled
rebelled
friends
tragic
l
ado
ago
alb
ale
all
coo
dad
dai
dam
dan
das
dat
day
del
den
des
dew
dey
did
die
dig
dim
din
dip
dis
doc
dod
dog
don
dos
doy
dry
due
dug
dun
dut
dye
ego
ell
elm
flo
fly
fro
ile
ill
leo
old
ole
ply
pro
rio
rle
sly
sto
tho
too
two
uno
who
woo
xli
xlv
zoo
medicine
pathtique
but
pitiless
poor
cheque
wi
herb
kerb
term
verb
author
quicken
p
p
poor
fetched
me
forsook
resartus
homeless
homenest
hugeness
shrank
shrug
shroud
calf
golf
gulf
half
rgle
sale
salt
self
sell
silk
sill
sold
sole
solo
sulk
surf
ugly
wolf
loving
able
ache
acre
ague
ahhh
alee
amie
ashy
atom
atop
behe
hehe
ithe
itye
mehe
mthe
orhe
sohe
yehe
dilapidated
dilapidated
dilapidated
acres
bores
cares
cures
dares
fares
fires
gores
hares
heres
mores
paces
pages
panes
paris
parks
parts
paves
pikes
piles
pines
pipes
pokes
poles
ports
porus
pyres
sires
tares
tires
wires
i
arent
scent
spent
for
tragedies
enclose
enclose
enclosed
barwait
poetry
quarantine
sad
bond
fond
pond
wand
wind
wont
wood
word
yond
not
havent
lament
latent
parent
patent
safest
sameno
sanest
savest
sayest
silent
talent
enthusiasm
enthusiasm
enthusiasm
shadings
shavings
bubble
bud
but
thankful
f
f
for
mesince
origin
origin
original
benny
jenny
penny
christenings
christenings
christenings
brood
brook
brool
broom
croak
droop
ebook
frock
groom
ordog
orion
orlop
proof
shook
orange
trimmlin
c
maidservants
fear
disposition
la
squalling
si
si
side
victim
clad
imposingly
aback
rivulets
muffs
thirteen
hobbled
likewise
victim
bead
beak
beam
bear
beat
behe
bene
dead
deaf
deal
dear
deau
dere
fear
feat
frae
gear
head
heal
heap
hear
heat
hehe
here
lead
leaf
leak
leal
lean
leap
lege
meal
mean
meat
mehe
mene
mere
near
neat
peak
peal
pear
peas
read
real
reap
rear
seal
seam
seas
seat
sere
teak
team
tear
teat
veal
vere
wade
wake
wane
ware
wave
weak
weal
wean
wear
webs
weds
week
ween
weep
weet
weld
well
went
wept
were
wert
wery
west
weve
whas
what
whoe
wide
wife
wile
wine
wipe
wire
wise
woke
wore
wrap
yeah
year
yehe
yere
yeve
zeal
vaughn
vault
vault
accounting
live
live
live
fastidious
subdivide
illusion
chastened
bead
beak
beam
bear
beat
been
bein
clan
dead
deaf
deal
dear
deau
denn
fear
feat
fern
gear
head
heal
heap
hear
heat
juan
keen
khan
lead
leaf
leak
leal
lean
leap
loan
meal
mean
meat
mein
meon
moan
near
neat
peak
peal
pear
peas
plan
quay
read
real
reap
rear
rein
scan
seal
seam
seas
seat
seen
span
swan
teak
team
tear
teat
teen
than
veal
vein
weak
weal
wean
wear
ween
yeah
year
zeal
maze
wwwgutenbergorgcontact
close
foamfountain
f
reasonable
ragamuffin
business
obscene
obscene
observed
enter
hated
hatei
hates
hotel
on
racked
rafted
ragged
railed
rained
raised
rammed
ramped
ranged
ranked
rapped
explained
expatiating
kodak
bait
cain
emir
fail
fain
fair
gain
gait
hail
hair
heir
jail
laid
lain
lair
lais
maid
mail
maim
main
nail
pace
pack
pads
page
paid
pail
pain
pair
pale
pall
palm
paly
pane
pang
pans
papa
park
parm
parr
part
pass
past
pate
path
paul
pave
pawn
paws
pays
pear
peer
phiz
pier
poor
pour
prig
prim
purr
rail
rain
said
sail
stir
tail
vail
vain
waif
wail
wait
but
singularly
c
postdated
see
caddy
caged
calld
candy
cards
cared
cased
caved
chord
closd
cloud
crowd
luncheon
corrupted
sewinsheena
aged
ages
bees
dies
does
dues
eggs
eres
eyes
fees
foes
goes
hies
hues
ices
joes
lees
lies
mees
ones
owes
pads
pans
pass
paws
pays
peas
peek
peep
peer
pens
pets
pier
pies
pigs
pins
pips
pods
poem
poet
pops
pots
prep
prey
puns
puss
puts
sees
shes
ties
toes
uses
woes
b
plummy
impaling
impaling
impaling
meagre
re
syren
sure
bawdy
brave
briny
byway
privy
renamed
rend
renfield
himself
wed
braw
brew
brow
crew
crow
daze
doze
dozy
drab
drag
dram
drat
draw
dray
drew
drip
drop
drug
drum
druv
grew
grow
prow
trow
c
c
could
clattering
flattering
mercutio
againthe
himstill
interference
cathedral
cathedral
catherine
buying
curing
during
facing
lacing
luring
musing
pacing
puling
racing
ruling
saving
saying
seeing
sewing
shying
siding
sowing
spring
spying
string
supine
f
ourswatery
receptable
twisting
b
bottling
loathing
rattling
rustling
crab
pack
peck
pick
puck
popular
popular
popular
creamed
dreamed
gleamed
related
relaxed
renamed
resumed
men
contributory
recklessly
dressingmaids
creak
amber
gazer
queer
smeer
second
second
second
bakes
bales
baths
bites
dates
fates
gates
hates
kates
mates
rates
senate
send
sent
bit
fat
fib
fie
fin
fit
fix
git
hit
kit
lit
mit
pit
sit
wit
hatchway
chartreuse
h
sakehow
somehow
liabilities
lid
like
abate
abide
acute
afire
agile
alice
alike
alive
angle
ankle
annie
arise
aside
knife
quite
smite
spite
suite
unite
unity
white
write
pianee
piano
piano
wrapped
cove
legally
rad
juliet
restrained
decks
necks
pecks
pro
actions
lotions
motions
nations
notions
potions
si
shirts
skirts
smarts
snorts
sports
stares
starts
sterns
stilts
stints
stores
storks
storms
stunts
w
tougher
suspect
aided
aimed
aired
asked
liked
chock
threw
throw
go
go
go
chaptersi
substance
hethe
lethe
methe
yethe
co
goodbye
b
specialists
hale
thirty
o
behe
deau
hehe
jesu
mehe
near
neat
neck
neds
need
neer
nell
nest
nets
news
next
oahu
pegu
peru
yehe
dis
complainsbut
fear
fed
felt
refused
reposed
the
weekly
face
growlands
redistribute
religion
assiduity
assist
assistance
ostrich
unsubduable
unsubduable
unsubstantial
scrabble
scramble
blas
blessings
dovehouse
dovehouse
dovehouse
bedside
con
bottling
bubbling
buckling
bundling
bustling
gurgling
juggling
and
doorplate
wad
check
cheek
sheik
halfcaressing
cast
east
fast
hast
lash
lass
last
lest
list
lost
lust
mast
past
vast
wast
kettleholder
receiver
inevitable
bawd
bawl
bowd
bowl
bows
voice
bress
chess
crest
crews
cross
dress
press
grab
cibil
final
libel
knee
incompetency
truant
proceeded
vault
moderate
tolerate
godadvancing
godadvancing
godadvancing
canniness
a
concocting
seas
seas
seas
browned
crowned
drowned
frowned
black
undeveloped
depravity
deprivd
depression
extinction
prac
pre
project
didntat
earththat
glittering
bluethe
beaching
reaching
stacking
teaching
rudimental
reprovingly
boudoir
bout
bound
ahazdial
tiara
tie
time
belshams
harpoon
harpoon
harpooneer
baby
inby
isby
itby
moby
obey
ogre
oily
only
oozy
orbs
ruby
ugly
elicited
strains
o
bands
hands
lands
sands
pudding
metropolitan
bona
immensely
grave
freedom
mes
pruth
nat
nat
nature
perth
an
an
and
buckwheats
a
icy
isa
ise
iss
ist
ivy
slab
haint
hairy
rainy
dresswhy
paddling
rallying
rambling
rattling
riddling
fascinate
killarney
inc
a
b
c
d
e
f
g
h
i
j
k
l
m
n
o
p
q
r
s
t
u
v
w
x
y
z
moistened
plaits
pitferren
omenthe
quog
quog
quohog
limbs
papas
piers
pikes
piles
pills
pines
pinks
pious
pipes
piphe
estate
mecca
opera
speck
specs
das
bowl
coal
coil
coll
cool
cows
fowl
howl
to
to
to
screw
strew
threw
not
interests
c
c
could
commuting
covered
cette
yethe
en
proof
sto
commentator
b
figs
jibs
jogs
pigs
devoted
learn
clad
clad
close
bolder
border
bother
colder
folder
fonder
holder
hotter
louder
matter
milder
mocker
mother
motley
murder
mutter
ponder
potter
powder
solder
tother
wonder
yonder
r
awhile
earth
midday
midway
domestic
arnold
bridle
bundle
candle
cradle
handle
kindle
st
st
still
incurred
occurred
recurred
she
imprecate
urgd
noa
nod
noi
nom
non
nor
not
nov
now
pou
you
academy
ach
across
shifting
mud
wight
r
r
round
act
aft
age
ago
ant
apt
art
ast
bat
bet
bit
but
cat
cut
dat
dut
eat
egg
ego
fat
fit
get
git
got
gut
hat
hit
hot
igh
ist
jet
jot
jut
kit
let
lit
lot
mat
met
mit
nat
net
not
nut
oft
ont
out
pat
pet
pit
pot
put
rat
rot
sat
set
sit
tag
tan
tap
tar
tat
tax
tea
ted
ten
the
tho
thy
tie
tin
tip
tis
toe
toi
tom
ton
too
top
tot
tow
toy
trs
try
tub
tug
tun
tut
twa
two
txt
vat
wat
wet
wit
wot
yet
pigeonholes
goddard
read
threshold
rely
abaft
aloft
ambut
masterpiece
imposed
trick
curtains
varied
ahasuerus
accident
manthought
clutch
clutch
clutched
dickand
peer
graze
s
public
unbecoming
plain
slain
re
objects
outbreak
cold
crooked
handspike
blameworthy
dandya
wander
spirit
spirit
spirit
aim
arm
orthodox
crinkle
cripple
c
belt
cell
cent
colt
felt
melt
pelt
warwood
galliot
oculist
da
da
day
cinder
hinder
kinder
puppies
crunch
and
covered
ruse
pleaded
day
baltic
phrase
viiiths
zeal
luckless
for
prosecution
half
nutting
me
age
ale
ape
apt
are
ate
ave
awe
axe
aye
baa
bad
bag
bah
bar
bat
bay
bea
bed
bee
beg
ben
bet
bib
bid
big
bit
boa
bob
bog
bon
bow
box
boy
bud
bug
bum
bun
bus
but
buy
bye
byr
die
due
dye
ere
eve
eye
fee
fie
foe
fte
hie
hoe
hue
ice
ile
ise
ive
joe
lee
lie
lye
mme
mwe
ode
ole
ome
one
ope
opy
owe
pie
pre
que
rle
roe
rue
see
she
spy
ste
swe
the
tie
toe
ups
use
wee
woe
lament
inexpressible
gleam
chests
beggar
whelmings
tame
galloped
e
buyer
eager
eider
elder
enter
ether
gayer
layer
meyer
owner
nook
overlooking
physical
jonas
kants
kinds
kings
kinks
manas
minas
tinas
again
circles
dignity
commands
indispensable
indispensable
indispensable
entries
lauries
ho
ho
how
addition
tart
byplay
beware
nantucketerever
l
l
like
aforesaid
ought
oui
out
galatime
maritime
domestic
thatsbut
playfellow
nuns
nuts
th
th
the
cocked
cooked
corked
docked
forked
hacked
harked
hockey
hooded
hooked
hooped
hopped
horned
housed
howled
locked
looked
mocked
rocked
soaked
tooked
worked
arm
valor
pro
flag
co
co
could
turns
d
d
do
distributed
ma
ma
man
saleswomen
prac
cane
lane
mane
nane
pane
sane
vane
wane
v
v
very
pallid
sallie
train
lexicographers
the
garden
harden
harder
warden
co
gossamers
you
entrance
d
copyright
fortnight
theme
clad
mystical
like
languages
scattered
redowa
remark
remote
removd
remove
renown
appraise
bubbled
olive
commentator
conventional
being
bring
cling
doing
dying
ewing
eying
fling
going
lying
owing
sling
sting
swing
thing
tying
using
wring
thro
confounding
t
chefs
shaft
shall
shawl
sheaf
shear
sheds
sheep
sheer
sheet
sheik
shelf
shell
shift
shoal
smell
snell
spell
steal
steel
swell
wheel
could
conceivable
try
can
dan
fan
far
fat
fay
fin
fun
man
nan
pan
ran
san
tan
van
wan
exhale
exhale
exhausted
curled
l
l
like
bight
bigot
eight
fight
light
might
night
right
sight
ticks
tiger
tight
tisnt
wight
ver
gads
gals
gaps
gawm
jaws
laws
paws
saws
t
bend
bene
beno
bent
cane
cant
cell
cent
ceti
chew
claw
clew
cone
crew
crow
denn
dent
deny
gent
hens
lend
lens
lent
mena
mend
mene
mens
pens
pent
rend
rent
send
sent
tend
tens
tent
vent
went
intervene
succulent
truculent
inn
inn
innocent
glare
grace
place
dictionary
conclude
a
blanks
flanks
planks
pranks
shanks
thanks
walfish
walfish
walfish
dawdle
b
scribblingsuit
minus
minus
minute
cousin
cussin
cuttin
tough
tough
tough
blessed
bressed
dressed
guessed
pressed
la
guiding
types
types
types
damme
dancd
dance
dante
deuce
dolce
lance
sauce
st
sepulchral
outlay
expressly
pianee
piano
piano
provisions
plan
plan
plan
bade
bide
code
fade
fide
hide
hyde
joke
jove
judy
jule
june
jure
made
mode
ride
rode
rude
side
tide
vide
wade
wide
mon
awooing
unwound
unwound
unwound
concealed
weak
weak
weather
norway
welcoming
clog
clot
club
like
better
bitter
butter
cutter
fatter
fitter
gutter
hotter
latter
letter
litter
matter
mutter
potter
putter
teeter
tester
tother
wetter
escaping
as
es
id
ie
if
ii
im
in
io
is
it
iv
ix
ms
rs
us
canal
occurred
o
o
of
cure
jure
lure
mare
mere
mire
more
mule
mute
pure
sure
but
heaving
leaving
seaking
sealing
seating
serving
shaving
staving
weaving
re
distance
negations
negro
negro
cease
chace
chaff
chain
chair
champ
chant
chaos
chaps
charm
chart
chase
chasm
chats
chere
chide
chloe
choke
chose
chrie
clays
crane
crape
crave
craze
phase
shade
shake
shame
shape
share
shave
whale
varna
varna
varna
cane
lane
mane
nane
pane
sane
vale
vane
vase
vine
wane
bring
unmisgiving
p
result
thoult
tumult
s
gruffly
cobbling
forthwith
leg
ghost
gloss
gross
phrase
bud
bug
bum
bun
bus
but
buy
anacharsis
street
l
fasten
fatten
todten
reincarnate
reincarnate
reincarnate
avar
bead
clad
dead
glad
head
hval
lead
load
oval
read
road
shad
toad
xvii
pod
cannibals
placard
homefestivals
durer
memoirs
go
favourable
especial
especial
especially
flourished
indisputable
fail
hail
jail
mail
nail
pail
rail
sail
tail
vail
wail
poor
blind
first
breadth
hairpins
pearl
pedro
peerd
perry
time
paradisiacal
wi
wi
with
imputed
coll
coll
college
bells
cells
feels
heels
hells
keels
meals
mehis
peals
peels
reels
seals
sells
tells
wails
walls
wears
weeds
weeks
weeps
wella
welli
wells
wills
yells
w
around
crownd
ground
refund
eveningdress
bhaer
broker
harker
hooked
looker
stoker
chap
palette
fuddled
fun
full
airth
berth
birth
earth
forth
girth
mirth
north
perth
worth
visiting
visiting
visiting
cain
fain
gain
lain
main
pain
rain
vail
vain
vein
constant
erected
re
re
read
aof
bag
beg
big
boa
bob
bog
bon
bow
box
boy
bug
cod
con
coo
cow
coz
dig
doc
dod
dog
don
dos
doy
dug
egg
fan
far
fat
fay
fed
fee
few
fez
fib
fie
fin
fit
fix
flo
fly
foe
fog
for
fox
fro
fry
fte
fun
fur
gag
goa
god
gog
gor
got
hag
hob
hod
hoe
hog
hon
hop
hot
how
hug
jig
job
joe
jog
jos
jot
joy
jug
keg
lag
leg
loa
log
lor
lot
low
lug
meg
mob
moh
mon
mop
mow
mug
noa
nod
noi
nom
non
nor
not
nov
now
ook
peg
pig
pod
pop
pot
pou
pox
rag
rig
rob
rod
roe
roi
rom
rot
row
rug
sag
sob
sod
sog
soh
sol
son
sow
tag
toe
toi
tom
ton
too
top
tot
tow
toy
tug
von
vow
wag
wig
woe
won
woo
wot
yon
you
zoo
us
worlds
o
o
of
encouragement
get
nosegays
horizon
horizon
horizon
stubbluck
dardanelles
dare
dark
sinners
mud
retired
scabbards
scan
scene
thoughtfully
herring
herring
herring
dyspepsia
c
c
could
agent
alert
anent
areet
arent
avast
blest
chest
crest
eyest
goest
guest
liest
owest
prest
quest
seest
usest
wrest
hamlet
diver
giver
liver
river
multiply
rescuing
flabby
adduce
andres
argues
eddies
th
atheistical
twilight
twill
twilight
crazywitty
eyebrow
eyebrow
eyebrows
nerve
g
g
go
sheath
jam
across
brute
dont
mont
wont
plodding
pliable
ma
ma
man
fouled
gouged
housed
jouped
paused
plumed
poised
popped
posted
poured
pushed
rouged
roused
routed
soured
soused
calabash
fondly
was
knitted
knotted
deliver
beholders
allowing
allowing
allowing
richnevertheless
emphasis
fanned
fenced
fussed
rinsed
bloated
blot
blood
bead
beak
beam
bear
beat
beit
belt
bent
best
boat
cent
chat
coat
dead
deaf
deal
dear
deau
debt
deft
dent
drat
fear
feat
feet
felt
flat
gear
gent
gnat
goat
head
heal
heap
hear
heat
jest
kept
lead
leaf
leak
leal
lean
leap
left
lent
lest
maam
mast
meal
mean
meat
meek
mees
meet
megs
mehe
meif
meim
mein
melt
mena
mend
mene
mens
meon
mere
mess
mewd
mews
mint
mist
moan
moat
mont
moot
mort
most
mout
must
near
neat
nest
next
peak
peal
pear
peas
pelt
pent
pert
pest
read
real
reap
rear
reet
rent
rest
seal
seam
seas
seat
sect
sent
spat
teak
team
tear
teat
tent
test
text
that
veal
vent
vest
weak
weal
wean
wear
weet
went
wept
wert
west
what
yeah
year
zeal
zest
t
t
the
almost
bright
bright
bright
jewelry
cheveril
cheveril
cheveril
sensitive
stereotype
cricket
black
blas
black
doors
moors
preparation
preparation
preparations
shooting
wived
liken
oaken
taken
token
waked
waken
wakes
waxen
women
woven
w
w
was
peering
appal
appalled
xx
warmth
read
outdated
poignant
point
point
aperture
for
plato
plied
wick
wick
wicked
breathing
sheathing
house
mirthless
limeless
limeless
limeless
contrary
go
arguments
inc
bee
bib
bid
big
bit
bye
die
fie
hie
lie
pie
tie
a
herbs
jebbs
library
eyeballs
snow
denthe
truck
truck
truck
satans
celebrities
celebrities
celebrities
creaked
creamed
created
m
oilbutt
plucked
abed
acid
aged
agin
aimd
akin
amid
amie
arid
armd
asia
asis
askd
aunt
auto
avin
awed
axis
fund
ibid
laid
maid
paid
quid
quig
quit
quiz
ruin
ruld
said
slid
sued
suit
void
prevent
riding
ina
ina
inasmuch
know
snow
d
d
do
kids
kiss
kits
deckstarbuck
fairer
mean
mean
mean
april
v
deserved
reserved
but
earthboxes
marlinspikes
beads
deeds
feeds
heads
heeds
herds
leads
leeds
lends
meads
needs
reads
seeds
sends
sexes
texas
texts
vexes
weeds
use
use
used
heaped
leaped
reaped
useful
smiting
suiting
writing
fear
international
s
offers
local
peaceoffering
delight
diorama
whelm
aching
acting
saving
saying
seeing
sewing
shying
siding
sowing
spring
spying
string
presage
press
present
mainmastmen
hea
beginners
ho
infallible
cornfield
cheerfuland
baa
dere
gore
here
mere
sere
vere
were
yere
it
escalus
especial
debts
gnats
hebes
hints
hosts
hunts
hurts
knots
l
dwell
iwell
swell
part
suspends
past
busying
buzzing
dusting
fussing
fuzzing
gushing
hushing
passing
pasting
posting
pudding
puffing
pulling
pumping
pushing
putting
rushing
t
rattled
toi
bloom
gleam
gloom
sleek
sleep
sleet
slept
slews
sloop
sodom
sperm
steam
co
co
could
aids
bide
fide
hide
ride
side
tide
vide
wide
he
carry
harry
marry
sairy
sorry
tarry
unvarying
fatherless
have
florences
scholar
surface
vindictiveness
ab
ad
ah
ak
al
am
an
as
at
au
ay
be
by
co
da
de
di
do
dr
du
ed
ef
eh
el
em
en
es
et
ex
fa
fo
gi
go
ha
he
hm
ho
id
ie
if
ii
im
in
io
is
it
iv
ix
jo
la
le
lo
ma
md
me
mi
mo
mr
ms
mt
my
nd
ne
no
ny
ob
of
oh
on
or
ot
ow
ox
pg
ph
pm
qu
rd
re
rs
sh
si
so
st
sw
te
th
to
tu
ud
um
un
up
us
ut
ve
vi
vo
we
wi
xi
xl
xv
xx
ye
identification
babe
bade
bale
bare
base
cage
cake
came
camp
cane
cape
care
case
cave
come
dale
dame
damn
damp
dams
dare
date
daze
dome
ease
face
fade
fame
fare
fate
fume
gale
game
gamp
gamy
gape
gate
gave
gaze
hale
hams
hare
hate
have
haze
home
jamb
kala
kant
kate
katy
kaye
kike
kine
kite
knee
lace
lake
lamb
lame
lamp
lane
late
lave
lime
mace
made
make
male
mane
mare
mate
maze
namd
name
nane
nape
pace
page
pale
pane
pate
pave
pome
race
rage
rake
rape
rare
rate
rome
safe
sage
sake
sale
same
sane
save
some
take
tale
tame
tape
tate
time
vale
vane
vase
wade
wake
wane
ware
wave
yale
yare
produce
slapping
slipping
permanence
permit
permission
kept
next
text
scold
prairie
a
a
and
ball
bawl
bays
call
dabs
daft
dale
dame
damn
damp
dams
dank
dare
dark
dart
dash
data
date
dats
davy
dawn
days
daze
deal
deil
dial
doll
dual
duel
dull
earl
fail
fall
fays
gall
gaol
hail
hall
haul
jail
kaye
layn
lays
mail
mall
marl
maul
mayi
mays
nail
pail
pall
paul
pays
raal
rail
rays
sail
saul
sayi
says
tail
tall
vail
wail
wall
ways
bead
deceived
received
like
uninvited
seagods
clashing
crashing
crushing
swashing
sevenstoried
data
date
dats
dote
doth
dots
drab
dumb
duty
the
knowst
t
burn
lure
lurk
turn
she
elsefor
e
withdrawn
fairer
jawbone
ad
selection
avail
ave
available
threatening
restrict
symptomsthe
better
universe
rare
breach
breath
wreath
grab
thrashing
muezzin
muezzin
muezzin
circumstances
male
amy
bag
beg
big
bog
bug
dad
dai
dam
dan
das
dat
day
del
den
des
dew
dey
did
die
dig
dim
din
dip
dis
doc
dod
dog
don
dos
doy
dry
due
dug
dun
dut
dye
egg
fog
gag
gog
hag
hog
hug
imp
jig
jog
jug
keg
lag
leg
log
lug
meg
mme
mug
ome
peg
pig
rag
rig
rug
sag
smy
sog
tag
tug
umm
wag
wig
release
combining
cell
costly
justly
lastly
mostly
vastly
wisely
fable
fable
fable
metalliclike
s
fellows
elapse
choked
remain
remain
remember
bows
cows
eyes
hows
jaws
jews
lads
lais
lass
lawn
laws
lays
lees
legs
lens
less
lets
lids
lies
lips
logs
loss
lots
lyin
mews
news
nows
nyas
paws
rows
saws
tows
vows
yews
r
lullaby
burial
lombard
d
d
do
servants
wednesday
medium
tedium
baccabox
bach
back
blooms
brooms
grooms
troops
first
unnatural
mo
orangeflowers
engage
spectator
electric
electric
electronic
brutes
crates
drives
droves
prates
writes
n
listener
ruse
alms
arms
bags
bans
bars
bass
bats
bays
cabs
cafs
came
camp
caps
cars
cats
dabs
dame
damn
damp
dams
dats
days
ears
eats
elms
fads
fame
fans
fays
gads
gals
game
gamp
gamy
gaps
gums
hags
hams
hans
hats
hems
jamb
jars
jaws
lads
lais
lamb
lame
lamp
lass
laws
lays
maam
mace
macy
made
madi
maid
mail
maim
main
make
male
mall
mana
mane
mans
manx
many
maps
mare
mark
marl
marm
mary
mask
mass
mast
mate
mats
maty
maul
mayi
mays
maze
mazy
mees
megs
mens
mess
mews
miss
mops
moss
mugs
mymy
namd
name
oaks
oars
oats
pads
pans
pass
paws
pays
rads
rags
rats
rays
same
saws
says
sums
tags
tame
tars
toms
wars
ways
was
ancient
farm
farm
farmers
inline
online
sycamore
wild
wile
will
wilt
wily
u
u
up
reassured
bounce
bounce
bounce
halftimid
k
hyphenation
pea
seenthis
round
attend
much
mud
must
cringed
fringed
ape
comfort
belong
sheep
m
manager
appetite
flesh
u
paralyse
embalm
motorcycle
time
babbled
bubbled
cobbled
enabled
hobbled
inhaled
academy
cardiglias
congregation
bush
cash
dash
dish
fash
fish
gash
gush
hash
hish
hush
lash
push
rash
rush
sash
tash
tish
tush
wash
wish
zest
h
trusty
picture
passant
pea
pea
people
clasped
a
immersed
em
attention
ye
aboriginal
sabbath
sad
said
sister
preach
preach
preach
cabins
hurry
hissed
kissed
missed
crab
cry
cried
frugal
in
in
in
fragmentary
snake
terrible
wi
knocks
humble
humble
humble
civilly
devil
contrary
to
cuttst
purest
puttst
ma
riddles
face
helpless
wad
ado
ago
awe
coo
ego
flo
fro
leo
mwe
owe
owl
own
pro
rio
sto
swe
swf
tho
too
twa
two
uno
wad
wag
wal
wan
war
was
wat
wax
way
web
wed
wee
wei
wet
wha
whl
who
why
wid
wig
win
wit
woe
won
woo
wot
wry
zoo
did
souvenir
go
suspecting
lead
dustas
m
adding
agoing
obedience
contrary
new
wee
woe
sweet
bide
fide
hide
ride
side
tide
vide
wide
infringement
respects
hemisphere
sadly
fantail
fantail
fantastic
woebegone
me
laythat
madthat
maythat
newthat
notthat
fo
plaster
ny
manhattoes
fie
contract
s
saturday
clippingsabout
socks
ile
chace
dance
fence
hence
lance
mince
nonce
ounce
sence
since
wince
r
consoling
inward
goose
spose
n
n
not
ahint
being
bring
china
chink
chiny
cling
doing
dying
ewing
eying
fling
going
lying
owing
rhine
shine
sling
sting
swing
taint
thank
theni
theno
thick
thigh
thine
thing
think
third
thisi
twine
twins
tying
using
whang
whine
wring
ego
apologize
mastodon
anew
beef
been
beer
bees
blew
brew
chew
clew
crew
deed
deem
deep
deer
drew
feed
feel
fees
feet
flew
grew
heed
heel
jeer
keel
keen
keep
kept
kerb
keys
knee
knew
know
leer
lees
meek
mees
meet
need
neer
peek
peep
peer
reef
reel
reet
seed
seek
seem
seen
seer
sees
slew
teen
veer
view
week
ween
weep
weet
whew
could
casks
masks
tasks
fib
untasted
sob
bust
dust
fust
gust
just
lust
must
ouse
oust
rust
in
books
cooks
hooks
looks
nooks
rooks
woods
wooes
works
swooning
newlit
sunlit
co
mathematics
lisp
barbers
awnings
cool
dyou
fool
gaol
idol
pool
tool
wail
wall
weal
well
whod
whoe
whom
whos
will
wood
woof
wool
c
c
could
nottake
gate
realisation
abominable
aid
bid
did
hid
kid
lid
mid
rad
red
rib
rid
rig
rim
rio
riz
rod
wid
do
retain
reception
exciting
oval
tastes
articulated
piercingly
rigorous
protect
forests
car
rumble
rumble
rumbling
monster
n
unworthy
e
ark
ask
esk
ink
oak
ook
ork
zay
zip
zoo
caulking
bakd
bald
band
bang
bank
bans
bawd
bead
beak
beam
bear
beat
bedi
beds
beef
been
beer
bees
behe
bein
beit
bell
belt
bend
bene
beno
bent
beof
berg
beso
bess
best
beth
bevy
bind
bird
bled
bold
bona
bond
bone
bonn
bony
bowd
bred
bung
bunk
cent
dead
deed
demd
denn
dent
deny
feed
feud
find
fond
fund
gent
hand
head
heed
held
hens
herd
hind
kind
land
lead
lend
lens
lent
mena
mend
mene
mens
mewd
mind
need
pens
pent
pind
pond
read
rend
rent
rind
sand
seed
send
sent
tend
tens
tent
vent
vexd
wand
weld
went
wind
yond
sea
fathers
fathoms
matrons
coat
angered
in
in
in
patrolled
wodin
woe
would
shippers
skippers
slippers
trappers
trippers
rooks
beseech
beg
murdered
p
worldlyminded
kill
wheeled
recentest
howlings
slumbering
trembles
troubles
restrain
shadings
door
scooped
conceal
entertain
rob
trumpsevery
cap
lessen
kinsman
let
lit
lot
txt
plainmakes
certain
refrain
the
hinder
symbol
symbol
sympathy
bumping
rub
rub
run
spawned
wide
holy
joky
july
affect
smart
smelt
smuts
spurt
squat
makeforgotten
lavender
history
brightness
mo
mo
more
shy
thy
way
wha
whl
who
why
wry
etext
octoberat
lo
lo
long
thimbleful
man
contain
novels
unnecessary
wonderment
searchers
i
past
pest
post
mansionwas
causa
d
hyena
hymns
part
part
part
ahem
shem
thee
them
then
they
dropped
bobbing
fobbing
mobbing
robbing
rubbing
sobbing
report
report
report
bands
bonds
finds
freds
funds
hands
hinds
kinds
lands
lends
minds
ounds
rinds
sands
sends
winds
wynds
pabulum
complexion
age
age
age
exporting
stamp
continuing
external
aries
cries
frees
grees
hebes
lobes
robes
sakes
saves
sexes
shoes
sides
sires
sites
sizes
skies
sober
soles
spies
trees
tries
purpose
warmed
warmer
rid
authors
nathan
caw
jaw
law
mab
mad
man
map
mar
mat
mav
maw
may
mow
paw
raw
saw
yaw
woe
hundredth
y
perfumed
sad
grieving
me
compliance
public
youthful
c
fallst
palest
safest
sanest
savest
sayest
talkst
parti
parti
particular
regretting
plunged
exercise
liabilities
lid
like
visibly
alabama
alas
alas
abed
aged
ages
awed
bled
bred
deed
died
dyed
eyed
feed
fled
fred
heed
lied
need
obed
oped
owed
seed
shed
sped
sued
taen
teen
tend
thee
them
then
they
thud
tied
ties
toad
toes
told
tree
trod
used
be
be
be
atlas
bolts
colds
colts
dolls
folds
folks
holds
holes
jolis
jonas
moles
polar
poles
rills
roads
robes
rocks
rolls
roman
romes
romps
roods
roofs
rooks
rooms
roots
ropes
roses
royal
rules
sofas
solar
soles
solus
wolds
wolfs
yolks
youas
joian
maids
tails
toads
toils
tries
trips
twigs
twins
voids
slab
slab
slain
tremendously
soap
rejoice
c
backs
banks
beaks
cages
cakes
calfs
calls
calms
camps
canes
capes
cards
cares
cases
casks
casts
caves
chaos
chaps
chats
clams
claps
class
claus
claws
clays
coals
coats
cocks
cooks
crabs
crags
hacks
hawks
jacks
lacks
larks
leaks
marks
masks
packs
parks
peaks
racks
ranks
tacks
talks
tasks
walks
o
shelf
ruse
whispered
moral
more
more
festive
shudder
alee
blue
cave
clue
cove
dive
dove
elbe
else
five
flee
gave
give
glee
glue
have
hove
java
joke
jove
jule
june
jure
lave
live
love
move
pave
save
vive
wave
weve
xlvi
yeve
chin
protruding
magic
shipa
shipi
ships
skill
slips
slipt
spill
still
swirl
good
good
good
grunt
wrung
analogical
analogy
analogy
hermetically
glance
acknowledging
httppglaforg
hurrydont
mourning
mourning
mourning
lives
loves
wha
financial
s
dressed
and
bloody
doze
captainmounttop
know
chapter
la
la
last
bellow
fellow
meadow
mellow
yellow
through
mina
tina
d
morris
emblazoned
emblem
emblem
untasted
expense
admirable
pendulum
stronger
extemporizing
antony
irascible
heedlessly
needlessly
fa
pursue
pabulum
bone
cone
done
gone
hone
lone
none
pane
pine
poke
pole
pome
pond
pony
pope
pore
pose
tone
zone
g
murderer
b
pressure
she
abel
apex
duel
feel
fuel
heel
htel
keel
opal
oped
open
quel
reel
sped
wail
wall
weal
week
ween
weep
weet
well
when
whet
whew
will
woes
wool
evade
boiled
coiled
exiled
fabled
failed
filled
foaled
foiled
fooled
fouled
furled
hailed
nailed
railed
sailed
smiled
soiled
tailed
toiled
veiled
wailed
hiccough
hid
his
patronize
d
carpetbagno
a
a
and
club
m
brine
bring
briny
drink
grind
paine
pains
paint
pliny
point
prank
price
prick
pride
prime
prink
print
prior
privy
prize
prone
prund
wring
w
heartless
turnin
editions
length
monstrous
c
c
could
regard
dere
hair
heir
zeal
providing
con
courteously
transpire
bumped
humped
jumped
circassian
dangling
jingling
mingling
tingling
and
staggered
stuttered
j
j
jo
bibliographical
image
venture
applepicking
applepicking
applepicking
sausage
laythat
deified
treacheries
tree
tree
sprains
eyes
cents
dents
gents
lents
rents
tents
vents
wants
l
back
buck
f
f
for
superiority
peek
resolution
g
g
go
catched
fetched
latched
matched
notched
patched
pitched
watched
close
banned
fanned
manned
tanned
wanted
warned
public
tantalizing
brace
brag
brought
refuge
refuse
d
d
do
cymbal
impress
babe
bone
bore
code
come
cone
cope
core
cote
cove
dome
done
dose
dote
dove
doze
elbe
fore
gone
gore
hole
home
hone
hope
hose
hove
jobs
joke
jove
lone
lore
lose
love
moby
mode
mole
more
mote
move
name
nane
nape
nice
nile
nine
noah
nods
none
nono
nook
noon
nope
nose
nota
note
noun
nowa
nows
nowt
poke
pole
pome
pope
pore
pose
robe
robs
rode
rome
rope
rose
rote
sobs
sohe
sole
some
sore
tone
tore
tube
vote
woke
wore
yoke
yore
zone
pot
occurreda
brickbats
babe
bade
bale
bare
base
behe
bene
bide
bite
blue
bone
bore
hyde
tyke
type
tyre
vyge
me
noon
noun
m
m
me
seemingly
redirect
ladies
lilies
pal
inundation
s
certainly
greenland
blackbrowd
be
beset
debel
hegel
jewel
level
masel
rebel
refer
regal
renew
repel
rests
revel
risen
riser
rises
roses
tekel
texel
woodbine
air
aof
bar
boa
bob
bog
bon
bow
box
boy
byr
car
cod
con
coo
cow
coz
doc
dod
dog
don
dos
doy
ear
eer
err
far
foe
fog
for
fox
fur
ger
goa
god
gog
gor
got
har
her
hob
hod
hoe
hog
hon
hop
hot
how
jar
job
joe
jog
jos
jot
joy
loa
log
lor
lot
low
mar
mob
moh
mon
mop
mow
nan
nap
nat
nay
ned
net
new
nil
nip
noa
nod
noi
nom
non
nor
not
nov
now
nun
nut
oar
oer
ook
our
par
per
pod
pop
pot
pou
pox
rob
rod
roe
roi
rom
rot
row
sir
sob
sod
sog
soh
sol
son
sow
tar
toe
toi
tom
ton
too
top
tot
tow
toy
ver
von
vow
war
woe
won
woo
wot
yer
yon
you
zoo
t
unchecked
singular
singular
singular
baling
and
heartfor
baa
saloon
round
bringing
clinging
cringing
engaging
evincing
flinging
fringing
swinging
wringing
movd
contrasted
no
plinys
a
bullet
mullet
c
c
could
sabbath
half
crux
erri
frre
tars
tart
term
thro
tire
tore
torn
trap
tray
tree
trim
trio
trip
trod
trop
trot
trow
true
turf
turk
turn
tyre
tyro
t
cosmetic
rub
rub
run
whalefastener
nap
capulet
st
mohcs
sober
solar
sech
constantinople
off
coins
doins
joins
loins
pains
point
b
noongoes
s
everythingdont
black
beginning
openmouthed
openmouthed
openmouthed
forward
sky
bone
bore
code
come
cone
cope
core
cote
cove
doff
dome
done
dose
dote
dove
doze
fife
fore
gone
gore
hole
home
hone
hope
hose
hove
joke
jove
life
lone
lore
lose
love
mode
mole
more
mote
move
none
nope
nose
note
poke
pole
pome
pope
pore
pose
race
raft
rage
rake
rape
rare
rate
rgle
ride
rift
ripe
rise
rite
road
roam
roar
robe
robs
rock
rode
rods
roll
rome
romp
roof
rook
room
root
rope
rose
ross
rosy
rote
rout
rows
rude
rule
ruse
safe
sofa
soft
sohe
sole
some
sore
tone
tore
vote
wife
woke
wore
yoke
yore
zone
sorrow
fateful
hateful
attend
discovers
h
manofwar
si
si
side
comfortably
t
crisscross
aft
southsea
getting
empty
enjoy
envoy
chloe
washington
t
burn
cage
cain
chin
clan
coin
corn
cuba
cubs
cuff
cups
curb
cure
curl
cute
cuts
huge
hugh
hugo
hugs
juan
mugs
rugs
ruin
sign
tugs
turn
slicings
boldest
holdest
bunsen
bunsen
bunsen
ain
ben
bon
bun
can
con
dan
den
din
don
dun
een
ein
fan
fin
fun
gin
gun
hen
hon
hun
inn
kin
man
men
mon
nan
nap
nat
nay
ned
net
new
nil
nip
noa
nod
noi
nom
non
nor
not
nov
now
nun
nut
own
pan
pen
pin
ran
run
san
sin
sky
son
sun
tan
ten
tin
ton
tun
urn
van
von
wan
win
won
yon
idolatry
uniform
metropolitan
aglow
allow
vicar
crowd
m
educational
afore
afore
afore
backs
banks
bucks
cages
cakes
calfs
calls
calms
camps
canes
capes
cards
cares
cases
casks
casts
caves
cocks
cooks
decks
dicks
docks
ducks
faces
facts
hacks
hawks
jacks
kicks
laces
lacks
larks
locks
macys
marks
masks
mocks
necks
nicks
paces
packd
packs
parks
pecks
races
racks
ranks
rocks
socks
tacks
talks
tasks
ticks
tucks
walks
disc
skies
skins
spins
slab
subsiding
thames
ached
baked
bared
based
caged
cared
cased
caved
dared
dated
dazed
eased
faced
faded
famed
fared
fated
gaped
gazed
harem
hares
hated
hatei
hates
havea
haven
hayes
hazed
hazel
hired
honed
hoped
laced
maned
mated
naked
named
paced
paled
paved
raced
raged
raked
raved
razed
sated
saved
sawed
tamed
waded
wahee
waked
waned
waved
waxed
yawed
for
gratefully
scurried
desolate
world
world
world
gazed
superb
hisand
misled
missed
s
choice
round
argues
braces
brakes
braves
cranes
crates
craves
frames
graces
grapes
graves
grazes
prates
traces
trades
tiger
tiger
tight
fishersrightwhale
sly
childish
vi
vi
view
wooing
great
air
bar
byr
car
ear
eer
err
far
for
fur
ger
gor
har
her
jar
lor
mar
nor
oar
oer
our
par
per
sad
sag
sal
sam
san
sap
sat
saw
say
sea
sed
see
set
sew
sex
she
shy
sin
sip
sir
sit
six
sky
sly
smy
sob
sod
sog
soh
sol
son
sow
spy
ste
sto
sum
sun
sup
swe
swf
tar
ver
war
yer
tybalt
green
queen
wi
gaping
gazing
raging
f
f
for
doingand
dyingand
unlike
unlike
unlike
shrouded
eluded
sightseeing
her
sandwich
w
nightwatches
i
navigator
